Archive member included to satisfy reference by file (symbol)

C:\Users\kanta\AppData\Local\Temp\VMBuilds\step400_OSCtester\arduino_zero_native\Release/core.a(cortex_handlers.c.o)
                              (Reset_Handler)
C:\Users\kanta\AppData\Local\Temp\VMBuilds\step400_OSCtester\arduino_zero_native\Release/core.a(delay.c.o)
                              Ethernet\Dhcp.cpp.o (millis)
C:\Users\kanta\AppData\Local\Temp\VMBuilds\step400_OSCtester\arduino_zero_native\Release/core.a(hooks.c.o)
                              Ethernet\socket.cpp.o (yield)
C:\Users\kanta\AppData\Local\Temp\VMBuilds\step400_OSCtester\arduino_zero_native\Release/core.a(startup.c.o)
                              C:\Users\kanta\AppData\Local\Temp\VMBuilds\step400_OSCtester\arduino_zero_native\Release/core.a(cortex_handlers.c.o) (SystemInit)
C:\Users\kanta\AppData\Local\Temp\VMBuilds\step400_OSCtester\arduino_zero_native\Release/core.a(wiring.c.o)
                              C:\Users\kanta\AppData\Local\Temp\VMBuilds\step400_OSCtester\arduino_zero_native\Release/core.a(startup.c.o) (SystemCoreClock)
C:\Users\kanta\AppData\Local\Temp\VMBuilds\step400_OSCtester\arduino_zero_native\Release/core.a(wiring_analog.c.o)
                              C:\Users\kanta\AppData\Local\Temp\VMBuilds\step400_OSCtester\arduino_zero_native\Release/core.a(wiring.c.o) (analogReference)
C:\Users\kanta\AppData\Local\Temp\VMBuilds\step400_OSCtester\arduino_zero_native\Release/core.a(wiring_digital.c.o)
                              step400_OSCtester.cpp.o (pinMode)
C:\Users\kanta\AppData\Local\Temp\VMBuilds\step400_OSCtester\arduino_zero_native\Release/core.a(wiring_private.c.o)
                              step400_OSCtester.cpp.o (pinPeripheral)
C:\Users\kanta\AppData\Local\Temp\VMBuilds\step400_OSCtester\arduino_zero_native\Release/core.a(IPAddress.cpp.o)
                              step400_OSCtester.cpp.o (IPAddress::IPAddress())
C:\Users\kanta\AppData\Local\Temp\VMBuilds\step400_OSCtester\arduino_zero_native\Release/core.a(main.cpp.o)
                              c:/program files (x86)/arduino-1.8.9/portable/packages/arduino/tools/arm-none-eabi-gcc/7-2017q4/bin/../lib/gcc/arm-none-eabi/7.2.1/../../../../arm-none-eabi/lib/thumb/v6-m/crt0.o (main)
C:\Users\kanta\AppData\Local\Temp\VMBuilds\step400_OSCtester\arduino_zero_native\Release/core.a(new.cpp.o)
                              step400_OSCtester.cpp.o (operator new(unsigned int))
C:\Users\kanta\AppData\Local\Temp\VMBuilds\step400_OSCtester\arduino_zero_native\Release/core.a(Print.cpp.o)
                              C:\Users\kanta\AppData\Local\Temp\VMBuilds\step400_OSCtester\arduino_zero_native\Release/core.a(IPAddress.cpp.o) (Print::print(char))
C:\Users\kanta\AppData\Local\Temp\VMBuilds\step400_OSCtester\arduino_zero_native\Release/core.a(Reset.cpp.o)
                              C:\Users\kanta\AppData\Local\Temp\VMBuilds\step400_OSCtester\arduino_zero_native\Release/core.a(delay.c.o) (tickReset)
C:\Users\kanta\AppData\Local\Temp\VMBuilds\step400_OSCtester\arduino_zero_native\Release/core.a(SERCOM.cpp.o)
                              C:\Users\kanta\AppData\Local\Temp\VMBCore\arduino16x\a8b0106e105238bf5fa7d7d6c5faf607\variant\variant.cpp.o (SERCOM::SERCOM(Sercom*))
C:\Users\kanta\AppData\Local\Temp\VMBuilds\step400_OSCtester\arduino_zero_native\Release/core.a(Uart.cpp.o)
                              C:\Users\kanta\AppData\Local\Temp\VMBCore\arduino16x\a8b0106e105238bf5fa7d7d6c5faf607\variant\variant.cpp.o (Uart::Uart(SERCOM*, unsigned char, unsigned char, SercomRXPad, SercomUartTXPad))
C:\Users\kanta\AppData\Local\Temp\VMBuilds\step400_OSCtester\arduino_zero_native\Release/core.a(WMath.cpp.o)
                              Ethernet\Dhcp.cpp.o (random(long, long))
C:\Users\kanta\AppData\Local\Temp\VMBuilds\step400_OSCtester\arduino_zero_native\Release/core.a(CDC.cpp.o)
                              step400_OSCtester.cpp.o (Serial_::begin(unsigned long))
C:\Users\kanta\AppData\Local\Temp\VMBuilds\step400_OSCtester\arduino_zero_native\Release/core.a(PluggableUSB.cpp.o)
                              C:\Users\kanta\AppData\Local\Temp\VMBuilds\step400_OSCtester\arduino_zero_native\Release/core.a(CDC.cpp.o) (PluggableUSB_::plug(PluggableUSBModule*))
C:\Users\kanta\AppData\Local\Temp\VMBuilds\step400_OSCtester\arduino_zero_native\Release/core.a(USBCore.cpp.o)
                              C:\Users\kanta\AppData\Local\Temp\VMBuilds\step400_OSCtester\arduino_zero_native\Release/core.a(CDC.cpp.o) (usbd)
C:\Users\kanta\AppData\Local\Temp\VMBuilds\step400_OSCtester\arduino_zero_native\Release/core.a(abi.cpp.o)
                              C:\Users\kanta\AppData\Local\Temp\VMBuilds\step400_OSCtester\arduino_zero_native\Release/core.a(Print.cpp.o) (__cxa_pure_virtual)
c:/program files (x86)/arduino-1.8.9/portable/packages/arduino/tools/arm-none-eabi-gcc/7-2017q4/bin/../lib/gcc/arm-none-eabi/7.2.1/../../../../arm-none-eabi/lib/thumb/v6-m\libm.a(lib_a-s_ceil.o)
[...]
Memory Configuration

Name             Origin             Length             Attributes
FLASH            0x00002000         0x0003e000         xr
RAM              0x20000000         0x00008000         xrw
*default*        0x00000000         0xffffffff

Linker script and memory map

LOAD c:/program files (x86)/arduino-1.8.9/portable/packages/arduino/tools/arm-none-eabi-gcc/7-2017q4/bin/../lib/gcc/arm-none-eabi/7.2.1/thumb/v6-m/crti.o
LOAD c:/program files (x86)/arduino-1.8.9/portable/packages/arduino/tools/arm-none-eabi-gcc/7-2017q4/bin/../lib/gcc/arm-none-eabi/7.2.1/thumb/v6-m/crtbegin.o
LOAD c:/program files (x86)/arduino-1.8.9/portable/packages/arduino/tools/arm-none-eabi-gcc/7-2017q4/bin/../lib/gcc/arm-none-eabi/7.2.1/../../../../arm-none-eabi/lib/thumb/v6-m/crt0.o
LOAD step400_OSCtester.cpp.o
LOAD Ethernet\Dhcp.cpp.o
LOAD Ethernet\Dns.cpp.o
LOAD Ethernet\Ethernet.cpp.o
LOAD Ethernet\EthernetClient.cpp.o
LOAD Ethernet\EthernetServer.cpp.o
LOAD Ethernet\EthernetUdp.cpp.o
LOAD Ethernet\socket.cpp.o
LOAD Ethernet\utility\w5100.cpp.o
LOAD OSC\OSCMatch.c.o
LOAD OSC\OSCBundle.cpp.o
LOAD OSC\OSCData.cpp.o
LOAD OSC\OSCMessage.cpp.o
LOAD OSC\OSCTiming.cpp.o
LOAD OSC\SLIPEncodedSerial.cpp.o
LOAD OSC\SLIPEncodedUSBSerial.cpp.o
LOAD powerSTEP01_Arduino_Library\powerSTEP01ArduinoLibrary.cpp.o
LOAD powerSTEP01_Arduino_Library\powerSTEP01ArduinoLibraryCommands.cpp.o
LOAD powerSTEP01_Arduino_Library\powerSTEP01ArduinoLibraryConfig.cpp.o
LOAD powerSTEP01_Arduino_Library\powerSTEP01ArduinoLibrarySupport.cpp.o
LOAD SPI\SPI.cpp.o
LOAD C:\Users\kanta\AppData\Local\Temp\VMBCore\arduino16x\a8b0106e105238bf5fa7d7d6c5faf607\variant\variant.cpp.o
START GROUP
LOAD C:\Program Files (x86)\arduino-1.8.9\portable\packages\arduino\tools\CMSIS\4.5.0/CMSIS/Lib/GCC/\libarm_cortexM0l_math.a
LOAD C:\Users\kanta\AppData\Local\Temp\VMBuilds\step400_OSCtester\arduino_zero_native\Release/core.a
END GROUP
LOAD c:/program files (x86)/arduino-1.8.9/portable/packages/arduino/tools/arm-none-eabi-gcc/7-2017q4/bin/../lib/gcc/arm-none-eabi/7.2.1/../../../../arm-none-eabi/lib/thumb/v6-m\libstdc++_nano.a
LOAD c:/program files (x86)/arduino-1.8.9/portable/packages/arduino/tools/arm-none-eabi-gcc/7-2017q4/bin/../lib/gcc/arm-none-eabi/7.2.1/../../../../arm-none-eabi/lib/thumb/v6-m\libm.a
START GROUP
LOAD c:/program files (x86)/arduino-1.8.9/portable/packages/arduino/tools/arm-none-eabi-gcc/7-2017q4/bin/../lib/gcc/arm-none-eabi/7.2.1/thumb/v6-m\libgcc.a
LOAD c:/program files (x86)/arduino-1.8.9/portable/packages/arduino/tools/arm-none-eabi-gcc/7-2017q4/bin/../lib/gcc/arm-none-eabi/7.2.1/../../../../arm-none-eabi/lib/thumb/v6-m\libc_nano.a
END GROUP
START GROUP
LOAD c:/program files (x86)/arduino-1.8.9/portable/packages/arduino/tools/arm-none-eabi-gcc/7-2017q4/bin/../lib/gcc/arm-none-eabi/7.2.1/thumb/v6-m\libgcc.a
LOAD c:/program files (x86)/arduino-1.8.9/portable/packages/arduino/tools/arm-none-eabi-gcc/7-2017q4/bin/../lib/gcc/arm-none-eabi/7.2.1/../../../../arm-none-eabi/lib/thumb/v6-m\libc_nano.a
LOAD c:/program files (x86)/arduino-1.8.9/portable/packages/arduino/tools/arm-none-eabi-gcc/7-2017q4/bin/../lib/gcc/arm-none-eabi/7.2.1/../../../../arm-none-eabi/lib/thumb/v6-m\libnosys.a
END GROUP
START GROUP
LOAD c:/program files (x86)/arduino-1.8.9/portable/packages/arduino/tools/arm-none-eabi-gcc/7-2017q4/bin/../lib/gcc/arm-none-eabi/7.2.1/thumb/v6-m\libgcc.a
LOAD c:/program files (x86)/arduino-1.8.9/portable/packages/arduino/tools/arm-none-eabi-gcc/7-2017q4/bin/../lib/gcc/arm-none-eabi/7.2.1/../../../../arm-none-eabi/lib/thumb/v6-m\libc_nano.a
LOAD c:/program files (x86)/arduino-1.8.9/portable/packages/arduino/tools/arm-none-eabi-gcc/7-2017q4/bin/../lib/gcc/arm-none-eabi/7.2.1/../../../../arm-none-eabi/lib/thumb/v6-m\libnosys.a
END GROUP
LOAD c:/program files (x86)/arduino-1.8.9/portable/packages/arduino/tools/arm-none-eabi-gcc/7-2017q4/bin/../lib/gcc/arm-none-eabi/7.2.1/thumb/v6-m/crtend.o
LOAD c:/program files (x86)/arduino-1.8.9/portable/packages/arduino/tools/arm-none-eabi-gcc/7-2017q4/bin/../lib/gcc/arm-none-eabi/7.2.1/thumb/v6-m/crtn.o

.text           0x00002000     0x8c58
                0x00002000                __text_start__ = .
 *(.sketch_boot)
                0x00002000                . = ALIGN (0x2000)
 *(.isr_vector)
 .isr_vector    0x00002000       0xb4 C:\Users\kanta\AppData\Local\Temp\VMBuilds\step400_OSCtester\arduino_zero_native\Release/core.a(cortex_handlers.c.o)
                0x00002000                exception_table
 *(.text*)
 .text          0x000020b4       0x48 c:/program files (x86)/arduino-1.8.9/portable/packages/arduino/tools/arm-none-eabi-gcc/7-2017q4/bin/../lib/gcc/arm-none-eabi/7.2.1/thumb/v6-m/crtbegin.o
 .text._Z7setKVALR10OSCMessagei
                0x000020fc       0xac step400_OSCtester.cpp.o
                0x000020fc                setKVAL(OSCMessage&, int)
 .text._Z13setSpdProfileR10OSCMessagei
                0x000021a8       0x68 step400_OSCtester.cpp.o
                0x000021a8                setSpdProfile(OSCMessage&, int)
 .text._Z3runR10OSCMessagei
                0x00002210       0x70 step400_OSCtester.cpp.o
                0x00002210                run(OSCMessage&, int)
 .text._Z6setPosR10OSCMessagei
                0x00002280       0x44 step400_OSCtester.cpp.o
                0x00002280                setPos(OSCMessage&, int)
 .text._Z8hardStopR10OSCMessagei
                0x000022c4       0x38 step400_OSCtester.cpp.o
                0x000022c4                hardStop(OSCMessage&, int)
 .text._Z7hardHiZR10OSCMessagei
                0x000022fc       0x38 step400_OSCtester.cpp.o
                0x000022fc                hardHiZ(OSCMessage&, int)
 .text.setup    0x00002334      0x1cc step400_OSCtester.cpp.o
                0x00002334                setup
 .text._Z11sendOneDataPcl
                0x00002500       0x90 step400_OSCtester.cpp.o
                0x00002500                sendOneData(char*, long)
 .text._Z9setDestIpR10OSCMessagei
                0x00002590       0x30 step400_OSCtester.cpp.o
                0x00002590                setDestIp(OSCMessage&, int)
 .text._Z6getPosR10OSCMessagei
                0x000025c0       0x44 step400_OSCtester.cpp.o
                0x000025c0                getPos(OSCMessage&, int)
 .text._Z9getStatusR10OSCMessagei
                0x00002604       0x44 step400_OSCtester.cpp.o
                0x00002604                getStatus(OSCMessage&, int)
 .text._Z13OSCMsgReceivev
                0x00002648       0xf8 step400_OSCtester.cpp.o
                0x00002648                OSCMsgReceive()
 .text.loop     0x00002740        0x8 step400_OSCtester.cpp.o
                0x00002740                loop
 .text.startup._GLOBAL__sub_I_mac
                0x00002748       0xc4 step400_OSCtester.cpp.o
 .text.startup._GLOBAL__sub_I__ZN9DhcpClass13beginWithDHCPEPhmm
                0x0000280c       0x18 Ethernet\Dhcp.cpp.o
 .text._ZN9DNSClient5beginERK9IPAddress
                0x00002824        0xa Ethernet\Dns.cpp.o
                0x00002824                DNSClient::begin(IPAddress const&)
 .text._ZN9DNSClient9inet_atonEPKcR9IPAddress
                0x0000282e       0x46 Ethernet\Dns.cpp.o
                0x0000282e                DNSClient::inet_aton(char const*, IPAddress&)
 .text.startup._GLOBAL__sub_I__ZN9DNSClient5beginERK9IPAddress
                0x00002874       0x18 Ethernet\Dns.cpp.o
 .text._ZN9DNSClient12BuildRequestEPKc
                0x0000288c       0xd6 Ethernet\Dns.cpp.o
                0x0000288c                DNSClient::BuildRequest(char const*)
 *fill*         0x00002962        0x2 
 .text._ZN9DNSClient15ProcessResponseEtR9IPAddress
                0x00002964      0x1dc Ethernet\Dns.cpp.o
                0x00002964                DNSClient::ProcessResponse(unsigned short, IPAddress&)
 .text._ZN9DNSClient13getHostByNameEPKcR9IPAddresst
                0x00002b40       0x90 Ethernet\Dns.cpp.o
                0x00002b40                DNSClient::getHostByName(char const*, IPAddress&, unsigned short)
 .text._ZN10W5100Class8writeGAREPKh
                0x00002bd0        0xe Ethernet\Ethernet.cpp.o
                0x00002bd0                W5100Class::writeGAR(unsigned char const*)
 .text._ZN10W5100Class9writeSUBREPKh
                0x00002bde        0xe Ethernet\Ethernet.cpp.o
                0x00002bde                W5100Class::writeSUBR(unsigned char const*)
 .text._ZN10W5100Class9writeSHAREPKh
                0x00002bec        0xe Ethernet\Ethernet.cpp.o
                0x00002bec                W5100Class::writeSHAR(unsigned char const*)
 .text._ZN10W5100Class9writeSIPREPKh
                0x00002bfa        0xe Ethernet\Ethernet.cpp.o
                0x00002bfa                W5100Class::writeSIPR(unsigned char const*)
 .text._ZN13EthernetClass5beginEPh9IPAddressS1_S1_S1_
                0x00002c08       0x60 Ethernet\Ethernet.cpp.o
                0x00002c08                EthernetClass::begin(unsigned char*, IPAddress, IPAddress, IPAddress, IPAddress)
 .text._ZN13EthernetClass5beginEPh9IPAddressS1_S1_
                0x00002c68       0x50 Ethernet\Ethernet.cpp.o
                0x00002c68                EthernetClass::begin(unsigned char*, IPAddress, IPAddress, IPAddress)
 .text._ZN13EthernetClass5beginEPh9IPAddressS1_
                0x00002cb8       0x34 Ethernet\Ethernet.cpp.o
                0x00002cb8                EthernetClass::begin(unsigned char*, IPAddress, IPAddress)
 .text._ZN13EthernetClass5beginEPh9IPAddress
                0x00002cec       0x2c Ethernet\Ethernet.cpp.o
                0x00002cec                EthernetClass::begin(unsigned char*, IPAddress)
 .text.startup._GLOBAL__sub_I__ZN13EthernetClass17_dnsServerAddressE
                0x00002d18       0x20 Ethernet\Ethernet.cpp.o
 .text._ZN10W5100Class6readSnEhtPht
                0x00002d38       0x20 Ethernet\EthernetClient.cpp.o
                0x00002d38                W5100Class::readSn(unsigned char, unsigned short, unsigned char*, unsigned short)
 .text.startup._GLOBAL__sub_I__ZN14EthernetClient7connectEPKct
                0x00002d58       0x18 Ethernet\EthernetClient.cpp.o
 .text._ZN5Print17availableForWriteEv
                0x00002d70        0x4 Ethernet\EthernetServer.cpp.o
                0x00002d70                Print::availableForWrite()
 .text.startup._GLOBAL__sub_I__ZN14EthernetServer11server_portE
                0x00002d74       0x18 Ethernet\EthernetServer.cpp.o
 .text._ZN11EthernetUDP4readEPcj
                0x00002d8c        0xa Ethernet\EthernetUdp.cpp.o
                0x00002d8c                EthernetUDP::read(char*, unsigned int)
 *fill*         0x00002d96        0x2 
 .text._ZN11EthernetUDP8remoteIPEv
                0x00002d98       0x10 Ethernet\EthernetUdp.cpp.o
                0x00002d98                EthernetUDP::remoteIP()
 .text._ZN11EthernetUDP10remotePortEv
                0x00002da8        0x4 Ethernet\EthernetUdp.cpp.o
                0x00002da8                EthernetUDP::remotePort()
 .text._ZN11EthernetUDP9localPortEv
                0x00002dac        0x4 Ethernet\EthernetUdp.cpp.o
                0x00002dac                EthernetUDP::localPort()
 .text._ZN11EthernetUDP9availableEv
                0x00002db0        0x4 Ethernet\EthernetUdp.cpp.o
                0x00002db0                EthernetUDP::available()
 .text._ZN11EthernetUDP5writeEh
                0x00002db4       0x14 Ethernet\EthernetUdp.cpp.o
                0x00002db4                EthernetUDP::write(unsigned char)
 .text._ZN11EthernetUDP5flushEv
                0x00002dc8        0x2 Ethernet\EthernetUdp.cpp.o
                0x00002dc8                EthernetUDP::flush()
 .text._ZN11EthernetUDP4stopEv
                0x00002dca       0x14 Ethernet\EthernetUdp.cpp.o
                0x00002dca                EthernetUDP::stop()
 .text._ZN11EthernetUDP5beginEt
                0x00002dde       0x2c Ethernet\EthernetUdp.cpp.o
                0x00002dde                EthernetUDP::begin(unsigned short)
 *fill*         0x00002e0a        0x2 
 .text._ZN11EthernetUDP11beginPacketEPKct
                0x00002e0c       0x80 Ethernet\EthernetUdp.cpp.o
                0x00002e0c                EthernetUDP::beginPacket(char const*, unsigned short)
 .text._ZN11EthernetUDP11beginPacketE9IPAddresst
                0x00002e8c       0x12 Ethernet\EthernetUdp.cpp.o
                0x00002e8c                EthernetUDP::beginPacket(IPAddress, unsigned short)
 .text._ZN11EthernetUDP9endPacketEv
                0x00002e9e        0xc Ethernet\EthernetUdp.cpp.o
                0x00002e9e                EthernetUDP::endPacket()
 .text._ZN11EthernetUDP5writeEPKhj
                0x00002eaa       0x1c Ethernet\EthernetUdp.cpp.o
                0x00002eaa                EthernetUDP::write(unsigned char const*, unsigned int)
 .text._ZN11EthernetUDP4readEv
                0x00002ec6       0x2e Ethernet\EthernetUdp.cpp.o
                0x00002ec6                EthernetUDP::read()
 .text._ZN11EthernetUDP4readEPhj
                0x00002ef4       0x2e Ethernet\EthernetUdp.cpp.o
                0x00002ef4                EthernetUDP::read(unsigned char*, unsigned int)
 .text._ZN11EthernetUDP4peekEv
                0x00002f22       0x1e Ethernet\EthernetUdp.cpp.o
                0x00002f22                EthernetUDP::peek()
 .text._ZN11EthernetUDP14beginMulticastE9IPAddresst
                0x00002f40       0x44 Ethernet\EthernetUdp.cpp.o
                0x00002f40                EthernetUDP::beginMulticast(IPAddress, unsigned short)
 .text._ZN11EthernetUDP11parsePacketEv
                0x00002f84       0x5e Ethernet\EthernetUdp.cpp.o
                0x00002f84                EthernetUDP::parsePacket()
 *fill*         0x00002fe2        0x2 
 .text.startup._GLOBAL__sub_I__ZN11EthernetUDP5beginEt
                0x00002fe4       0x18 Ethernet\EthernetUdp.cpp.o
 .text._ZN10W5100Class6readSnEht
                0x00002ffc       0x24 Ethernet\socket.cpp.o
                0x00002ffc                W5100Class::readSn(unsigned char, unsigned short)
 .text._ZN10W5100Class7writeSnEhth
                0x00003020       0x24 Ethernet\socket.cpp.o
                0x00003020                W5100Class::writeSn(unsigned char, unsigned short, unsigned char)
 .text._ZN10W5100Class7writeSnEhtPht
                0x00003044       0x20 Ethernet\socket.cpp.o
                0x00003044                W5100Class::writeSn(unsigned char, unsigned short, unsigned char*, unsigned short)
 .text._ZL10write_datahtPKht
                0x00003064       0xa4 Ethernet\socket.cpp.o
 .text._ZN10W5100Class8readSnSREh
                0x00003108        0xa Ethernet\socket.cpp.o
                0x00003108                W5100Class::readSnSR(unsigned char)
 .text._ZN10W5100Class11writeSnPORTEht
                0x00003112       0x14 Ethernet\socket.cpp.o
                0x00003112                W5100Class::writeSnPORT(unsigned char, unsigned short)
 .text._ZN10W5100Class11writeSnDIPREhPh
                0x00003126        0xe Ethernet\socket.cpp.o
                0x00003126                W5100Class::writeSnDIPR(unsigned char, unsigned char*)
 .text._ZN10W5100Class12writeSnDPORTEht
                0x00003134       0x14 Ethernet\socket.cpp.o
                0x00003134                W5100Class::writeSnDPORT(unsigned char, unsigned short)
 .text._ZN10W5100Class12readSnTX_FSREh
                0x00003148       0x18 Ethernet\socket.cpp.o
                0x00003148                W5100Class::readSnTX_FSR(unsigned char)
 .text._ZL11getSnTX_FSRh
                0x00003160       0x24 Ethernet\socket.cpp.o
 .text._ZN10W5100Class12readSnRX_RSREh
                0x00003184       0x18 Ethernet\socket.cpp.o
                0x00003184                W5100Class::readSnRX_RSR(unsigned char)
 .text._ZN10W5100Class11readSnRX_RDEh
                0x0000319c       0x18 Ethernet\socket.cpp.o
                0x0000319c                W5100Class::readSnRX_RD(unsigned char)
 .text._ZN10W5100Class5RBASEEh
                0x000031b4       0x18 Ethernet\socket.cpp.o
                0x000031b4                W5100Class::RBASE(unsigned char)
 .text._ZN13EthernetClass11socketBeginEht
                0x000031cc      0x110 Ethernet\socket.cpp.o
                0x000031cc                EthernetClass::socketBegin(unsigned char, unsigned short)
 .text._ZN13EthernetClass20socketBeginMulticastEh9IPAddresst
                0x000032dc      0x14c Ethernet\socket.cpp.o
                0x000032dc                EthernetClass::socketBeginMulticast(unsigned char, IPAddress, unsigned short)
 .text._ZN13EthernetClass11socketCloseEh
                0x00003428       0x30 Ethernet\socket.cpp.o
                0x00003428                EthernetClass::socketClose(unsigned char)
 .text._ZN13EthernetClass10socketRecvEhPhs
                0x00003458      0x128 Ethernet\socket.cpp.o
                0x00003458                EthernetClass::socketRecv(unsigned char, unsigned char*, short)
 .text._ZN13EthernetClass19socketRecvAvailableEh
                0x00003580       0x50 Ethernet\socket.cpp.o
                0x00003580                EthernetClass::socketRecvAvailable(unsigned char)
 .text._ZN13EthernetClass10socketPeekEh
                0x000035d0       0x50 Ethernet\socket.cpp.o
                0x000035d0                EthernetClass::socketPeek(unsigned char)
 .text._ZN13EthernetClass16socketBufferDataEhtPKht
                0x00003620       0x50 Ethernet\socket.cpp.o
                0x00003620                EthernetClass::socketBufferData(unsigned char, unsigned short, unsigned char const*, unsigned short)
 .text._ZN13EthernetClass14socketStartUDPEhPht
                0x00003670       0x5c Ethernet\socket.cpp.o
                0x00003670                EthernetClass::socketStartUDP(unsigned char, unsigned char*, unsigned short)
 .text._ZN13EthernetClass13socketSendUDPEh
                0x000036cc       0x88 Ethernet\socket.cpp.o
                0x000036cc                EthernetClass::socketSendUDP(unsigned char)
 .text.startup._GLOBAL__sub_I__ZN13EthernetClass14socketPortRandEt
                0x00003754       0x18 Ethernet\socket.cpp.o
 .text._ZN10W5100Class5setSSEv
                0x0000376c       0x14 Ethernet\utility\w5100.cpp.o
                0x0000376c                W5100Class::setSS()
 .text._ZN10W5100Class7resetSSEv
                0x00003780       0x14 Ethernet\utility\w5100.cpp.o
                0x00003780                W5100Class::resetSS()
 .text._ZN10W5100Class5writeEtPKht
                0x00003794      0x144 Ethernet\utility\w5100.cpp.o
                0x00003794                W5100Class::write(unsigned short, unsigned char const*, unsigned short)
 .text._ZN10W5100Class5writeEth
                0x000038d8       0x14 Ethernet\utility\w5100.cpp.o
                0x000038d8                W5100Class::write(unsigned short, unsigned char)
 .text._ZN10W5100Class7writeMREh
                0x000038ec        0xc Ethernet\utility\w5100.cpp.o
                0x000038ec                W5100Class::writeMR(unsigned char)
 .text._ZN10W5100Class4readEtPht
                0x000038f8      0x100 Ethernet\utility\w5100.cpp.o
                0x000038f8                W5100Class::read(unsigned short, unsigned char*, unsigned short)
 .text._ZN10W5100Class4readEt
                0x000039f8       0x12 Ethernet\utility\w5100.cpp.o
                0x000039f8                W5100Class::read(unsigned short)
 .text._ZN10W5100Class6readMREv
                0x00003a0a        0xa Ethernet\utility\w5100.cpp.o
                0x00003a0a                W5100Class::readMR()
 .text._ZN10W5100Class9softResetEv
                0x00003a14       0x28 Ethernet\utility\w5100.cpp.o
                0x00003a14                W5100Class::softReset()
 .text._ZN10W5100Class7isW5100Ev
                0x00003a3c       0x48 Ethernet\utility\w5100.cpp.o
                0x00003a3c                W5100Class::isW5100()
 .text._ZN10W5100Class7isW5200Ev
                0x00003a84       0x54 Ethernet\utility\w5100.cpp.o
                0x00003a84                W5100Class::isW5200()
 .text._ZN10W5100Class7isW5500Ev
                0x00003ad8       0x54 Ethernet\utility\w5100.cpp.o
                0x00003ad8                W5100Class::isW5500()
 .text._ZN10W5100Class4initEv
                0x00003b2c       0xf8 Ethernet\utility\w5100.cpp.o
                0x00003b2c                W5100Class::init()
 .text._ZN10W5100Class9execCmdSnEh7SockCMD
                0x00003c24       0x28 Ethernet\utility\w5100.cpp.o
                0x00003c24                W5100Class::execCmdSn(unsigned char, SockCMD)
 .text.startup._GLOBAL__sub_I__ZN10W5100Class4chipE
                0x00003c4c       0x18 Ethernet\utility\w5100.cpp.o
 .text.osc_match_bracket
                0x00003c64       0x42 OSC\OSCMatch.c.o
 .text.osc_match_curly_brace
                0x00003ca6       0x46 OSC\OSCMatch.c.o
 .text.osc_match_single_char
                0x00003cec       0x4a OSC\OSCMatch.c.o
 .text.osc_match_star_r
                0x00003d36       0x6c OSC\OSCMatch.c.o
 .text.osc_match
                0x00003da2      0x1e8 OSC\OSCMatch.c.o
                0x00003da2                osc_match
 .text._ZN7OSCDataC2EPKc
                0x00003f8a       0x32 OSC\OSCData.cpp.o
                0x00003f8a                OSCData::OSCData(char const*)
                0x00003f8a                OSCData::OSCData(char const*)
 .text._ZN7OSCDataC2El
                0x00003fbc       0x10 OSC\OSCData.cpp.o
                0x00003fbc                OSCData::OSCData(long)
                0x00003fbc                OSCData::OSCData(long)
 .text._ZN7OSCDataC2Ef
                0x00003fcc       0x10 OSC\OSCData.cpp.o
                0x00003fcc                OSCData::OSCData(float)
                0x00003fcc                OSCData::OSCData(float)
 .text._ZN7OSCDataC2E9osctime_t
                0x00003fdc       0x1e OSC\OSCData.cpp.o
                0x00003fdc                OSCData::OSCData(osctime_t)
                0x00003fdc                OSCData::OSCData(osctime_t)
 .text._ZN7OSCDataC2Ed
                0x00003ffa       0x12 OSC\OSCData.cpp.o
                0x00003ffa                OSCData::OSCData(double)
                0x00003ffa                OSCData::OSCData(double)
 .text._ZN7OSCDataC2EPhi
                0x0000400c       0x54 OSC\OSCData.cpp.o
                0x0000400c                OSCData::OSCData(unsigned char*, int)
                0x0000400c                OSCData::OSCData(unsigned char*, int)
 .text._ZN7OSCDataD2Ev
                0x00004060       0x20 OSC\OSCData.cpp.o
                0x00004060                OSCData::~OSCData()
                0x00004060                OSCData::~OSCData()
 .text._ZN7OSCDataC2Ec
                0x00004080        0xc OSC\OSCData.cpp.o
                0x00004080                OSCData::OSCData(char)
                0x00004080                OSCData::OSCData(char)
 .text._ZN7OSCData6getIntEv
                0x0000408c        0xe OSC\OSCData.cpp.o
                0x0000408c                OSCData::getInt()
 .text._ZN7OSCData8getFloatEv
                0x0000409a        0xe OSC\OSCData.cpp.o
                0x0000409a                OSCData::getFloat()
 .text._Z9BigEndianImET_RKS0_
                0x000040a8       0x1a OSC\OSCMessage.cpp.o
 .text._ZN10OSCMessage10getOSCDataEi
                0x000040c2       0x16 OSC\OSCMessage.cpp.o
                0x000040c2                OSCMessage::getOSCData(int)
 .text._ZN10OSCMessage3setEiPhi
                0x000040d8       0x84 OSC\OSCMessage.cpp.o
                0x000040d8                OSCMessage::set(int, unsigned char*, int)
 .text._ZN10OSCMessage5matchEPKci
                0x0000415c       0x2e OSC\OSCMessage.cpp.o
                0x0000415c                OSCMessage::match(char const*, int)
 .text._ZN10OSCMessage5routeEPKcPFvRS_iEi
                0x0000418a       0x20 OSC\OSCMessage.cpp.o
                0x0000418a                OSCMessage::route(char const*, void (*)(OSCMessage&, int), int)
 .text._ZN10OSCMessage10setAddressEPKc
                0x000041aa       0x2e OSC\OSCMessage.cpp.o
                0x000041aa                OSCMessage::setAddress(char const*)
 .text._ZN10OSCMessage8hasErrorEv
                0x000041d8       0x2c OSC\OSCMessage.cpp.o
                0x000041d8                OSCMessage::hasError()
 .text._ZN10OSCMessage6getIntEi
                0x00004204       0x20 OSC\OSCMessage.cpp.o
                0x00004204                OSCMessage::getInt(int)
 .text._ZN10OSCMessage8getFloatEi
                0x00004224       0x20 OSC\OSCMessage.cpp.o
                0x00004224                OSCMessage::getFloat(int)
 .text._ZN10OSCMessage7getTypeEi
                0x00004244       0x1e OSC\OSCMessage.cpp.o
                0x00004244                OSCMessage::getType(int)
 .text._ZN10OSCMessage4sendER5Print
                0x00004262      0x13a OSC\OSCMessage.cpp.o
                0x00004262                OSCMessage::send(Print&)
 .text._ZN10OSCMessage19addToIncomingBufferEh
                0x0000439c       0x3c OSC\OSCMessage.cpp.o
                0x0000439c                OSCMessage::addToIncomingBuffer(unsigned char)
 .text._ZN10OSCMessage19clearIncomingBufferEv
                0x000043d8       0x22 OSC\OSCMessage.cpp.o
                0x000043d8                OSCMessage::clearIncomingBuffer()
 .text._ZN10OSCMessage12setupMessageEv
                0x000043fa       0x1c OSC\OSCMessage.cpp.o
                0x000043fa                OSCMessage::setupMessage()
 .text._ZN10OSCMessageC2EPKc
                0x00004416       0x16 OSC\OSCMessage.cpp.o
                0x00004416                OSCMessage::OSCMessage(char const*)
                0x00004416                OSCMessage::OSCMessage(char const*)
 .text._ZN10OSCMessageC2Ev
                0x0000442c       0x10 OSC\OSCMessage.cpp.o
                0x0000442c                OSCMessage::OSCMessage()
                0x0000442c                OSCMessage::OSCMessage()
 .text._ZN10OSCMessage5emptyEv
                0x0000443c       0x40 OSC\OSCMessage.cpp.o
                0x0000443c                OSCMessage::empty()
 .text._ZN10OSCMessageD2Ev
                0x0000447c       0x1a OSC\OSCMessage.cpp.o
                0x0000447c                OSCMessage::~OSCMessage()
                0x0000447c                OSCMessage::~OSCMessage()
 .text._ZN10OSCMessage13decodeAddressEv
                0x00004496       0x16 OSC\OSCMessage.cpp.o
                0x00004496                OSCMessage::decodeAddress()
 .text._ZN10OSCMessage3addIcEERS_T_
                0x000044ac       0x40 OSC\OSCMessage.cpp.o
                0x000044ac                OSCMessage& OSCMessage::add<char>(char)
 .text._ZN10OSCMessage3setIlEERS_iT_
                0x000044ec       0x7e OSC\OSCMessage.cpp.o
                0x000044ec                OSCMessage& OSCMessage::set<long>(int, long)
 .text._ZN10OSCMessage3setIfEERS_iT_
                0x0000456a       0x7e OSC\OSCMessage.cpp.o
                0x0000456a                OSCMessage& OSCMessage::set<float>(int, float)
 .text._ZN10OSCMessage3setIdEERS_iT_
                0x000045e8       0x84 OSC\OSCMessage.cpp.o
                0x000045e8                OSCMessage& OSCMessage::set<double>(int, double)
 .text._ZN10OSCMessage3setI9osctime_tEERS_iT_
                0x0000466c       0x9a OSC\OSCMessage.cpp.o
                0x0000466c                OSCMessage& OSCMessage::set<osctime_t>(int, osctime_t)
 .text._ZN10OSCMessage3setIPcEERS_iT_
                0x00004706       0x7e OSC\OSCMessage.cpp.o
                0x00004706                OSCMessage& OSCMessage::set<char*>(int, char*)
 .text._ZN10OSCMessage10decodeDataEh
                0x00004784      0x13a OSC\OSCMessage.cpp.o
                0x00004784                OSCMessage::decodeData(unsigned char)
 .text._ZN10OSCMessage6decodeEh
                0x000048be       0xa4 OSC\OSCMessage.cpp.o
                0x000048be                OSCMessage::decode(unsigned char)
 .text._ZN10OSCMessage4fillEh
                0x00004962        0xc OSC\OSCMessage.cpp.o
                0x00004962                OSCMessage::fill(unsigned char)
 *fill*         0x0000496e        0x2 
 .text._ZN9powerSTEPC2Eiii
                0x00004970       0x24 powerSTEP01_Arduino_Library\powerSTEP01ArduinoLibrary.cpp.o
                0x00004970                powerSTEP::powerSTEP(int, int, int)
                0x00004970                powerSTEP::powerSTEP(int, int, int)
 .text._ZN9powerSTEP14SPIPortConnectEP8SPIClass
                0x00004994        0x4 powerSTEP01_Arduino_Library\powerSTEP01ArduinoLibrary.cpp.o
                0x00004994                powerSTEP::SPIPortConnect(SPIClass*)
 .text._ZN9powerSTEP8setParamEhm
                0x00004998       0x18 powerSTEP01_Arduino_Library\powerSTEP01ArduinoLibraryCommands.cpp.o
                0x00004998                powerSTEP::setParam(unsigned char, unsigned long)
 .text._ZN9powerSTEP8getParamEh
                0x000049b0       0x1a powerSTEP01_Arduino_Library\powerSTEP01ArduinoLibraryCommands.cpp.o
                0x000049b0                powerSTEP::getParam(unsigned char)
 *fill*         0x000049ca        0x2 
 .text._ZN9powerSTEP6getPosEv
                0x000049cc       0x18 powerSTEP01_Arduino_Library\powerSTEP01ArduinoLibraryCommands.cpp.o
                0x000049cc                powerSTEP::getPos()
 .text._ZN9powerSTEP3runEhf
                0x000049e4       0x44 powerSTEP01_Arduino_Library\powerSTEP01ArduinoLibraryCommands.cpp.o
                0x000049e4                powerSTEP::run(unsigned char, float)
 .text._ZN9powerSTEP6setPosEl
                0x00004a28        0xc powerSTEP01_Arduino_Library\powerSTEP01ArduinoLibraryCommands.cpp.o
                0x00004a28                powerSTEP::setPos(long)
 .text._ZN9powerSTEP8hardStopEv
                0x00004a34        0xa powerSTEP01_Arduino_Library\powerSTEP01ArduinoLibraryCommands.cpp.o
                0x00004a34                powerSTEP::hardStop()
 .text._ZN9powerSTEP7hardHiZEv
                0x00004a3e        0xa powerSTEP01_Arduino_Library\powerSTEP01ArduinoLibraryCommands.cpp.o
                0x00004a3e                powerSTEP::hardHiZ()
 .text._ZN9powerSTEP9getStatusEv
                0x00004a48       0x28 powerSTEP01_Arduino_Library\powerSTEP01ArduinoLibraryCommands.cpp.o
                0x00004a48                powerSTEP::getStatus()
 .text._ZN9powerSTEP14configStepModeEh
                0x00004a70       0x20 powerSTEP01_Arduino_Library\powerSTEP01ArduinoLibraryConfig.cpp.o
                0x00004a70                powerSTEP::configStepMode(unsigned char)
 .text._ZN9powerSTEP11setMaxSpeedEf
                0x00004a90       0x14 powerSTEP01_Arduino_Library\powerSTEP01ArduinoLibraryConfig.cpp.o
                0x00004a90                powerSTEP::setMaxSpeed(float)
 .text._ZN9powerSTEP12setFullSpeedEf
                0x00004aa4       0x14 powerSTEP01_Arduino_Library\powerSTEP01ArduinoLibraryConfig.cpp.o
                0x00004aa4                powerSTEP::setFullSpeed(float)
 .text._ZN9powerSTEP6setAccEf
                0x00004ab8       0x14 powerSTEP01_Arduino_Library\powerSTEP01ArduinoLibraryConfig.cpp.o
                0x00004ab8                powerSTEP::setAcc(float)
 .text._ZN9powerSTEP6setDecEf
                0x00004acc       0x14 powerSTEP01_Arduino_Library\powerSTEP01ArduinoLibraryConfig.cpp.o
                0x00004acc                powerSTEP::setDec(float)
 .text._ZN9powerSTEP14setOCThresholdEh
                0x00004ae0        0xe powerSTEP01_Arduino_Library\powerSTEP01ArduinoLibraryConfig.cpp.o
                0x00004ae0                powerSTEP::setOCThreshold(unsigned char)
 *fill*         0x00004aee        0x2 
 .text._ZN9powerSTEP10setPWMFreqEii
                0x00004af0       0x30 powerSTEP01_Arduino_Library\powerSTEP01ArduinoLibraryConfig.cpp.o
                0x00004af0                powerSTEP::setPWMFreq(int, int)
 .text._ZN9powerSTEP11setSlewRateEi
                0x00004b20       0x20 powerSTEP01_Arduino_Library\powerSTEP01ArduinoLibraryConfig.cpp.o
                0x00004b20                powerSTEP::setSlewRate(int)
 .text._ZN9powerSTEP13setOCShutdownEi
                0x00004b40       0x20 powerSTEP01_Arduino_Library\powerSTEP01ArduinoLibraryConfig.cpp.o
                0x00004b40                powerSTEP::setOCShutdown(int)
 .text._ZN9powerSTEP14setVoltageCompEi
                0x00004b60       0x20 powerSTEP01_Arduino_Library\powerSTEP01ArduinoLibraryConfig.cpp.o
                0x00004b60                powerSTEP::setVoltageComp(int)
 .text._ZN9powerSTEP13setSwitchModeEi
                0x00004b80       0x20 powerSTEP01_Arduino_Library\powerSTEP01ArduinoLibraryConfig.cpp.o
                0x00004b80                powerSTEP::setSwitchMode(int)
 .text._ZN9powerSTEP10setOscModeEi
                0x00004ba0       0x20 powerSTEP01_Arduino_Library\powerSTEP01ArduinoLibraryConfig.cpp.o
                0x00004ba0                powerSTEP::setOscMode(int)
 .text._ZN9powerSTEP10setAccKVALEh
                0x00004bc0        0xc powerSTEP01_Arduino_Library\powerSTEP01ArduinoLibraryConfig.cpp.o
                0x00004bc0                powerSTEP::setAccKVAL(unsigned char)
 .text._ZN9powerSTEP10setDecKVALEh
                0x00004bcc        0xc powerSTEP01_Arduino_Library\powerSTEP01ArduinoLibraryConfig.cpp.o
                0x00004bcc                powerSTEP::setDecKVAL(unsigned char)
 .text._ZN9powerSTEP10setRunKVALEh
                0x00004bd8        0xc powerSTEP01_Arduino_Library\powerSTEP01ArduinoLibraryConfig.cpp.o
                0x00004bd8                powerSTEP::setRunKVAL(unsigned char)
 .text._ZN9powerSTEP11setHoldKVALEh
                0x00004be4        0xc powerSTEP01_Arduino_Library\powerSTEP01ArduinoLibraryConfig.cpp.o
                0x00004be4                powerSTEP::setHoldKVAL(unsigned char)
 .text._ZN9powerSTEP7accCalcEf
                0x00004bf0       0x30 powerSTEP01_Arduino_Library\powerSTEP01ArduinoLibrarySupport.cpp.o
                0x00004bf0                powerSTEP::accCalc(float)
 .text._ZN9powerSTEP7decCalcEf
                0x00004c20       0x30 powerSTEP01_Arduino_Library\powerSTEP01ArduinoLibrarySupport.cpp.o
                0x00004c20                powerSTEP::decCalc(float)
 .text._ZN9powerSTEP10maxSpdCalcEf
                0x00004c50       0x30 powerSTEP01_Arduino_Library\powerSTEP01ArduinoLibrarySupport.cpp.o
                0x00004c50                powerSTEP::maxSpdCalc(float)
 .text._ZN9powerSTEP6FSCalcEf
                0x00004c80       0x3c powerSTEP01_Arduino_Library\powerSTEP01ArduinoLibrarySupport.cpp.o
                0x00004c80                powerSTEP::FSCalc(float)
 .text._ZN9powerSTEP7spdCalcEf
                0x00004cbc       0x2c powerSTEP01_Arduino_Library\powerSTEP01ArduinoLibrarySupport.cpp.o
                0x00004cbc                powerSTEP::spdCalc(float)
 .text._ZN9powerSTEP7SPIXferEh
                0x00004ce8       0x6c powerSTEP01_Arduino_Library\powerSTEP01ArduinoLibrarySupport.cpp.o
                0x00004ce8                powerSTEP::SPIXfer(unsigned char)
 .text._ZN9powerSTEP9xferParamEmh
                0x00004d54       0x48 powerSTEP01_Arduino_Library\powerSTEP01ArduinoLibrarySupport.cpp.o
                0x00004d54                powerSTEP::xferParam(unsigned long, unsigned char)
 .text._ZN9powerSTEP12paramHandlerEhm
                0x00004d9c       0x7a powerSTEP01_Arduino_Library\powerSTEP01ArduinoLibrarySupport.cpp.o
                0x00004d9c                powerSTEP::paramHandler(unsigned char, unsigned long)
 *fill*         0x00004e16        0x2 
 .text._ZN8SPIClassC2EP6SERCOMhhh14SercomSpiTXPad11SercomRXPad
                0x00004e18       0x44 SPI\SPI.cpp.o
                0x00004e18                SPIClass::SPIClass(SERCOM*, unsigned char, unsigned char, unsigned char, SercomSpiTXPad, SercomRXPad)
                0x00004e18                SPIClass::SPIClass(SERCOM*, unsigned char, unsigned char, unsigned char, SercomSpiTXPad, SercomRXPad)
 .text._ZN8SPIClass4initEv
                0x00004e5c       0x12 SPI\SPI.cpp.o
                0x00004e5c                SPIClass::init()
 .text._ZN8SPIClass6configE11SPISettings
                0x00004e6e       0x4e SPI\SPI.cpp.o
                0x00004e6e                SPIClass::config(SPISettings)
 .text._ZN8SPIClass5beginEv
                0x00004ebc       0x50 SPI\SPI.cpp.o
                0x00004ebc                SPIClass::begin()
 .text._ZN8SPIClass16beginTransactionE11SPISettings
                0x00004f0c       0x38 SPI\SPI.cpp.o
                0x00004f0c                SPIClass::beginTransaction(SPISettings)
 .text._ZN8SPIClass14endTransactionEv
                0x00004f44       0x28 SPI\SPI.cpp.o
                0x00004f44                SPIClass::endTransaction()
 .text._ZN8SPIClass11setDataModeEh
                0x00004f6c       0x28 SPI\SPI.cpp.o
                0x00004f6c                SPIClass::setDataMode(unsigned char)
 .text._ZN8SPIClass15setClockDividerEh
                0x00004f94       0x10 SPI\SPI.cpp.o
                0x00004f94                SPIClass::setClockDivider(unsigned char)
 .text._ZN8SPIClass8transferEh
                0x00004fa4        0xa SPI\SPI.cpp.o
                0x00004fa4                SPIClass::transfer(unsigned char)
 .text._ZN8SPIClass8transferEPvj
                0x00004fae       0x1c SPI\SPI.cpp.o
                0x00004fae                SPIClass::transfer(void*, unsigned int)
 *fill*         0x00004fca        0x2 
 .text.startup._GLOBAL__sub_I__ZN8SPIClassC2EP6SERCOMhhh14SercomSpiTXPad11SercomRXPad
                0x00004fcc       0x40 SPI\SPI.cpp.o
 .text.SERCOM0_Handler
                0x0000500c       0x10 C:\Users\kanta\AppData\Local\Temp\VMBCore\arduino16x\a8b0106e105238bf5fa7d7d6c5faf607\variant\variant.cpp.o
                0x0000500c                SERCOM0_Handler
 .text.SERCOM5_Handler
                0x0000501c       0x10 C:\Users\kanta\AppData\Local\Temp\VMBCore\arduino16x\a8b0106e105238bf5fa7d7d6c5faf607\variant\variant.cpp.o
                0x0000501c                SERCOM5_Handler
 .text.startup._GLOBAL__sub_I_g_APinDescription
                0x0000502c       0x94 C:\Users\kanta\AppData\Local\Temp\VMBCore\arduino16x\a8b0106e105238bf5fa7d7d6c5faf607\variant\variant.cpp.o
 .text.Dummy_Handler
                0x000050c0        0x2 C:\Users\kanta\AppData\Local\Temp\VMBuilds\step400_OSCtester\arduino_zero_native\Release/core.a(cortex_handlers.c.o)
                0x000050c0                DMAC_Handler
                0x000050c0                HardFault_Handler
                0x000050c0                AC_Handler
                0x000050c0                PendSV_Handler
                0x000050c0                NMI_Handler
                0x000050c0                TC7_Handler
                0x000050c0                SERCOM1_Handler
                0x000050c0                ADC_Handler
                0x000050c0                TCC1_Handler
                0x000050c0                SERCOM2_Handler
                0x000050c0                TCC0_Handler
                0x000050c0                RTC_Handler
                0x000050c0                EIC_Handler
                0x000050c0                TC6_Handler
                0x000050c0                WDT_Handler
                0x000050c0                TC4_Handler
                0x000050c0                TC3_Handler
                0x000050c0                Dummy_Handler
                0x000050c0                PM_Handler
                0x000050c0                SVC_Handler
                0x000050c0                TCC2_Handler
                0x000050c0                EVSYS_Handler
                0x000050c0                SERCOM3_Handler
                0x000050c0                SERCOM4_Handler
                0x000050c0                I2S_Handler
                0x000050c0                NVMCTRL_Handler
                0x000050c0                DAC_Handler
                0x000050c0                PTC_Handler
                0x000050c0                SYSCTRL_Handler
 *fill*         0x000050c2        0x2 
 .text.USB_Handler
                0x000050c4       0x14 C:\Users\kanta\AppData\Local\Temp\VMBuilds\step400_OSCtester\arduino_zero_native\Release/core.a(cortex_handlers.c.o)
                0x000050c4                USB_Handler
 .text.Reset_Handler
                0x000050d8       0x54 C:\Users\kanta\AppData\Local\Temp\VMBuilds\step400_OSCtester\arduino_zero_native\Release/core.a(cortex_handlers.c.o)
                0x000050d8                Reset_Handler
 .text.SysTick_Handler
                0x0000512c       0x10 C:\Users\kanta\AppData\Local\Temp\VMBuilds\step400_OSCtester\arduino_zero_native\Release/core.a(cortex_handlers.c.o)
                0x0000512c                SysTick_Handler
 .text.USB_SetHandler
                0x0000513c        0xc C:\Users\kanta\AppData\Local\Temp\VMBuilds\step400_OSCtester\arduino_zero_native\Release/core.a(cortex_handlers.c.o)
                0x0000513c                USB_SetHandler
 .text.millis   0x00005148        0xc C:\Users\kanta\AppData\Local\Temp\VMBuilds\step400_OSCtester\arduino_zero_native\Release/core.a(delay.c.o)
                0x00005148                millis
 .text.micros   0x00005154       0x60 C:\Users\kanta\AppData\Local\Temp\VMBuilds\step400_OSCtester\arduino_zero_native\Release/core.a(delay.c.o)
                0x00005154                micros
 .text.delay    0x000051b4       0x30 C:\Users\kanta\AppData\Local\Temp\VMBuilds\step400_OSCtester\arduino_zero_native\Release/core.a(delay.c.o)
                0x000051b4                delay
 .text.resetExternalChip
                0x000051e4        0x2 C:\Users\kanta\AppData\Local\Temp\VMBuilds\step400_OSCtester\arduino_zero_native\Release/core.a(delay.c.o)
                0x000051e4                resetExternalChip
 *fill*         0x000051e6        0x2 
 .text.SysTick_DefaultHandler
                0x000051e8       0x14 C:\Users\kanta\AppData\Local\Temp\VMBuilds\step400_OSCtester\arduino_zero_native\Release/core.a(delay.c.o)
                0x000051e8                SysTick_DefaultHandler
 .text.__empty  0x000051fc        0x2 C:\Users\kanta\AppData\Local\Temp\VMBuilds\step400_OSCtester\arduino_zero_native\Release/core.a(hooks.c.o)
                0x000051fc                yield
 .text.__false  0x000051fe        0x4 C:\Users\kanta\AppData\Local\Temp\VMBuilds\step400_OSCtester\arduino_zero_native\Release/core.a(hooks.c.o)
                0x000051fe                sysTickHook
 *fill*         0x00005202        0x2 
 .text.SystemInit
                0x00005204      0x160 C:\Users\kanta\AppData\Local\Temp\VMBuilds\step400_OSCtester\arduino_zero_native\Release/core.a(startup.c.o)
                0x00005204                SystemInit
 .text.init     0x00005364       0xf0 C:\Users\kanta\AppData\Local\Temp\VMBuilds\step400_OSCtester\arduino_zero_native\Release/core.a(wiring.c.o)
                0x00005364                init
 .text.analogReference
                0x00005454       0x64 C:\Users\kanta\AppData\Local\Temp\VMBuilds\step400_OSCtester\arduino_zero_native\Release/core.a(wiring_analog.c.o)
                0x00005454                analogReference
 .text.pinMode  0x000054b8       0x98 C:\Users\kanta\AppData\Local\Temp\VMBuilds\step400_OSCtester\arduino_zero_native\Release/core.a(wiring_digital.c.o)
                0x000054b8                pinMode
 .text.digitalWrite
                0x00005550       0x58 C:\Users\kanta\AppData\Local\Temp\VMBuilds\step400_OSCtester\arduino_zero_native\Release/core.a(wiring_digital.c.o)
                0x00005550                digitalWrite
 .text.digitalRead
                0x000055a8       0x30 C:\Users\kanta\AppData\Local\Temp\VMBuilds\step400_OSCtester\arduino_zero_native\Release/core.a(wiring_digital.c.o)
                0x000055a8                digitalRead
 .text.pinPeripheral
                0x000055d8       0xc0 C:\Users\kanta\AppData\Local\Temp\VMBuilds\step400_OSCtester\arduino_zero_native\Release/core.a(wiring_private.c.o)
                0x000055d8                pinPeripheral
 .text._ZNK9IPAddress7printToER5Print
                0x00005698       0x44 C:\Users\kanta\AppData\Local\Temp\VMBuilds\step400_OSCtester\arduino_zero_native\Release/core.a(IPAddress.cpp.o)
                0x00005698                IPAddress::printTo(Print&) const
 .text._ZN9IPAddressC2Ev
                0x000056dc       0x10 C:\Users\kanta\AppData\Local\Temp\VMBuilds\step400_OSCtester\arduino_zero_native\Release/core.a(IPAddress.cpp.o)
                0x000056dc                IPAddress::IPAddress()
                0x000056dc                IPAddress::IPAddress()
 .text._ZN9IPAddressC2Ehhhh
                0x000056ec       0x1c C:\Users\kanta\AppData\Local\Temp\VMBuilds\step400_OSCtester\arduino_zero_native\Release/core.a(IPAddress.cpp.o)
                0x000056ec                IPAddress::IPAddress(unsigned char, unsigned char, unsigned char, unsigned char)
                0x000056ec                IPAddress::IPAddress(unsigned char, unsigned char, unsigned char, unsigned char)
 .text._ZN9IPAddressaSEPKh
                0x00005708       0x10 C:\Users\kanta\AppData\Local\Temp\VMBuilds\step400_OSCtester\arduino_zero_native\Release/core.a(IPAddress.cpp.o)
                0x00005708                IPAddress::operator=(unsigned char const*)
 .text._Z11initVariantv
                0x00005718        0x2 C:\Users\kanta\AppData\Local\Temp\VMBuilds\step400_OSCtester\arduino_zero_native\Release/core.a(main.cpp.o)
                0x00005718                initVariant()
 *fill*         0x0000571a        0x2 
 .text.startup.main
                0x0000571c       0x40 C:\Users\kanta\AppData\Local\Temp\VMBuilds\step400_OSCtester\arduino_zero_native\Release/core.a(main.cpp.o)
                0x0000571c                main
 .text._Znwj    0x0000575c        0x8 C:\Users\kanta\AppData\Local\Temp\VMBuilds\step400_OSCtester\arduino_zero_native\Release/core.a(new.cpp.o)
                0x0000575c                operator new(unsigned int)
 .text._ZdlPv   0x00005764        0x8 C:\Users\kanta\AppData\Local\Temp\VMBuilds\step400_OSCtester\arduino_zero_native\Release/core.a(new.cpp.o)
                0x00005764                operator delete(void*)
 .text._ZN5Print5writeEPKhj
                0x0000576c       0x28 C:\Users\kanta\AppData\Local\Temp\VMBuilds\step400_OSCtester\arduino_zero_native\Release/core.a(Print.cpp.o)
                0x0000576c                Print::write(unsigned char const*, unsigned int)
 .text._ZN5Print5writeEPKc.part.2
                0x00005794       0x1a C:\Users\kanta\AppData\Local\Temp\VMBuilds\step400_OSCtester\arduino_zero_native\Release/core.a(Print.cpp.o)
 .text._ZN5Print5writeEPKc
                0x000057ae       0x10 C:\Users\kanta\AppData\Local\Temp\VMBuilds\step400_OSCtester\arduino_zero_native\Release/core.a(Print.cpp.o)
                0x000057ae                Print::write(char const*)
 .text._ZN5Print5printEc
                0x000057be        0xa C:\Users\kanta\AppData\Local\Temp\VMBuilds\step400_OSCtester\arduino_zero_native\Release/core.a(Print.cpp.o)
                0x000057be                Print::print(char)
 .text._ZN5Print7printlnEv
                0x000057c8       0x10 C:\Users\kanta\AppData\Local\Temp\VMBuilds\step400_OSCtester\arduino_zero_native\Release/core.a(Print.cpp.o)
                0x000057c8                Print::println()
 .text._ZN5Print7printlnEPK19__FlashStringHelper
                0x000057d8       0x14 C:\Users\kanta\AppData\Local\Temp\VMBuilds\step400_OSCtester\arduino_zero_native\Release/core.a(Print.cpp.o)
                0x000057d8                Print::println(__FlashStringHelper const*)
 .text._ZN5Print7printlnEPKc
                0x000057ec       0x14 C:\Users\kanta\AppData\Local\Temp\VMBuilds\step400_OSCtester\arduino_zero_native\Release/core.a(Print.cpp.o)
                0x000057ec                Print::println(char const*)
 .text._ZN5Print11printNumberEmh
                0x00005800       0x48 C:\Users\kanta\AppData\Local\Temp\VMBuilds\step400_OSCtester\arduino_zero_native\Release/core.a(Print.cpp.o)
                0x00005800                Print::printNumber(unsigned long, unsigned char)
 .text._ZN5Print5printEmi
                0x00005848       0x18 C:\Users\kanta\AppData\Local\Temp\VMBuilds\step400_OSCtester\arduino_zero_native\Release/core.a(Print.cpp.o)
                0x00005848                Print::print(unsigned long, int)
 .text._ZN5Print5printEhi
                0x00005860        0x8 C:\Users\kanta\AppData\Local\Temp\VMBuilds\step400_OSCtester\arduino_zero_native\Release/core.a(Print.cpp.o)
                0x00005860                Print::print(unsigned char, int)
 .text.initiateReset
                0x00005868       0x14 C:\Users\kanta\AppData\Local\Temp\VMBuilds\step400_OSCtester\arduino_zero_native\Release/core.a(Reset.cpp.o)
                0x00005868                initiateReset
 .text.cancelReset
                0x0000587c       0x10 C:\Users\kanta\AppData\Local\Temp\VMBuilds\step400_OSCtester\arduino_zero_native\Release/core.a(Reset.cpp.o)
                0x0000587c                cancelReset
 .text.tickReset
                0x0000588c       0x78 C:\Users\kanta\AppData\Local\Temp\VMBuilds\step400_OSCtester\arduino_zero_native\Release/core.a(Reset.cpp.o)
                0x0000588c                tickReset
 .text._ZN6SERCOMC2EP6Sercom
                0x00005904        0x4 C:\Users\kanta\AppData\Local\Temp\VMBuilds\step400_OSCtester\arduino_zero_native\Release/core.a(SERCOM.cpp.o)
                0x00005904                SERCOM::SERCOM(Sercom*)
                0x00005904                SERCOM::SERCOM(Sercom*)
 .text._ZN6SERCOM9initFrameE18SercomUartCharSize15SercomDataOrder16SercomParityMode19SercomNumberStopBit
                0x00005908       0x3a C:\Users\kanta\AppData\Local\Temp\VMBuilds\step400_OSCtester\arduino_zero_native\Release/core.a(SERCOM.cpp.o)
                0x00005908                SERCOM::initFrame(SercomUartCharSize, SercomDataOrder, SercomParityMode, SercomNumberStopBit)
 .text._ZN6SERCOM8initPadsE15SercomUartTXPad11SercomRXPad
                0x00005942       0x26 C:\Users\kanta\AppData\Local\Temp\VMBuilds\step400_OSCtester\arduino_zero_native\Release/core.a(SERCOM.cpp.o)
                0x00005942                SERCOM::initPads(SercomUartTXPad, SercomRXPad)
 .text._ZN6SERCOM9resetUARTEv
                0x00005968       0x1a C:\Users\kanta\AppData\Local\Temp\VMBuilds\step400_OSCtester\arduino_zero_native\Release/core.a(SERCOM.cpp.o)
                0x00005968                SERCOM::resetUART()
 .text._ZN6SERCOM10enableUARTEv
                0x00005982       0x14 C:\Users\kanta\AppData\Local\Temp\VMBuilds\step400_OSCtester\arduino_zero_native\Release/core.a(SERCOM.cpp.o)
                0x00005982                SERCOM::enableUART()
 .text._ZN6SERCOM9flushUARTEv
                0x00005996       0x10 C:\Users\kanta\AppData\Local\Temp\VMBuilds\step400_OSCtester\arduino_zero_native\Release/core.a(SERCOM.cpp.o)
                0x00005996                SERCOM::flushUART()
 .text._ZN6SERCOM15clearStatusUARTEv
                0x000059a6        0x8 C:\Users\kanta\AppData\Local\Temp\VMBuilds\step400_OSCtester\arduino_zero_native\Release/core.a(SERCOM.cpp.o)
                0x000059a6                SERCOM::clearStatusUART()
 .text._ZN6SERCOM17availableDataUARTEv
                0x000059ae        0xa C:\Users\kanta\AppData\Local\Temp\VMBuilds\step400_OSCtester\arduino_zero_native\Release/core.a(SERCOM.cpp.o)
                0x000059ae                SERCOM::availableDataUART()
 .text._ZN6SERCOM11isUARTErrorEv
                0x000059b8        0x8 C:\Users\kanta\AppData\Local\Temp\VMBuilds\step400_OSCtester\arduino_zero_native\Release/core.a(SERCOM.cpp.o)
                0x000059b8                SERCOM::isUARTError()
 .text._ZN6SERCOM20acknowledgeUARTErrorEv
                0x000059c0        0xe C:\Users\kanta\AppData\Local\Temp\VMBuilds\step400_OSCtester\arduino_zero_native\Release/core.a(SERCOM.cpp.o)
                0x000059c0                SERCOM::acknowledgeUARTError()
 .text._ZN6SERCOM16isFrameErrorUARTEv
                0x000059ce        0xa C:\Users\kanta\AppData\Local\Temp\VMBuilds\step400_OSCtester\arduino_zero_native\Release/core.a(SERCOM.cpp.o)
                0x000059ce                SERCOM::isFrameErrorUART()
 .text._ZN6SERCOM19clearFrameErrorUARTEv
                0x000059d8        0xc C:\Users\kanta\AppData\Local\Temp\VMBuilds\step400_OSCtester\arduino_zero_native\Release/core.a(SERCOM.cpp.o)
                0x000059d8                SERCOM::clearFrameErrorUART()
 .text._ZN6SERCOM23isDataRegisterEmptyUARTEv
                0x000059e4        0xa C:\Users\kanta\AppData\Local\Temp\VMBuilds\step400_OSCtester\arduino_zero_native\Release/core.a(SERCOM.cpp.o)
                0x000059e4                SERCOM::isDataRegisterEmptyUART()
 .text._ZN6SERCOM12readDataUARTEv
                0x000059ee        0x8 C:\Users\kanta\AppData\Local\Temp\VMBuilds\step400_OSCtester\arduino_zero_native\Release/core.a(SERCOM.cpp.o)
                0x000059ee                SERCOM::readDataUART()
 .text._ZN6SERCOM13writeDataUARTEh
                0x000059f6       0x10 C:\Users\kanta\AppData\Local\Temp\VMBuilds\step400_OSCtester\arduino_zero_native\Release/core.a(SERCOM.cpp.o)
                0x000059f6                SERCOM::writeDataUART(unsigned char)
 .text._ZN6SERCOM36enableDataRegisterEmptyInterruptUARTEv
                0x00005a06        0x8 C:\Users\kanta\AppData\Local\Temp\VMBuilds\step400_OSCtester\arduino_zero_native\Release/core.a(SERCOM.cpp.o)
                0x00005a06                SERCOM::enableDataRegisterEmptyInterruptUART()
 .text._ZN6SERCOM37disableDataRegisterEmptyInterruptUARTEv
                0x00005a0e        0x8 C:\Users\kanta\AppData\Local\Temp\VMBuilds\step400_OSCtester\arduino_zero_native\Release/core.a(SERCOM.cpp.o)
                0x00005a0e                SERCOM::disableDataRegisterEmptyInterruptUART()
 *fill*         0x00005a16        0x2 
 .text._ZN6SERCOM12initSPIClockE18SercomSpiClockModem
                0x00005a18       0x30 C:\Users\kanta\AppData\Local\Temp\VMBuilds\step400_OSCtester\arduino_zero_native\Release/core.a(SERCOM.cpp.o)
                0x00005a18                SERCOM::initSPIClock(SercomSpiClockMode, unsigned long)
 .text._ZN6SERCOM8resetSPIEv
                0x00005a48       0x1a C:\Users\kanta\AppData\Local\Temp\VMBuilds\step400_OSCtester\arduino_zero_native\Release/core.a(SERCOM.cpp.o)
                0x00005a48                SERCOM::resetSPI()
 .text._ZN6SERCOM9enableSPIEv
                0x00005a62       0x14 C:\Users\kanta\AppData\Local\Temp\VMBuilds\step400_OSCtester\arduino_zero_native\Release/core.a(SERCOM.cpp.o)
                0x00005a62                SERCOM::enableSPI()
 .text._ZN6SERCOM10disableSPIEv
                0x00005a76       0x12 C:\Users\kanta\AppData\Local\Temp\VMBuilds\step400_OSCtester\arduino_zero_native\Release/core.a(SERCOM.cpp.o)
                0x00005a76                SERCOM::disableSPI()
 .text._ZN6SERCOM14setBaudrateSPIEh
                0x00005a88       0x30 C:\Users\kanta\AppData\Local\Temp\VMBuilds\step400_OSCtester\arduino_zero_native\Release/core.a(SERCOM.cpp.o)
                0x00005a88                SERCOM::setBaudrateSPI(unsigned char)
 .text._ZN6SERCOM15setClockModeSPIE18SercomSpiClockMode
                0x00005ab8       0x40 C:\Users\kanta\AppData\Local\Temp\VMBuilds\step400_OSCtester\arduino_zero_native\Release/core.a(SERCOM.cpp.o)
                0x00005ab8                SERCOM::setClockModeSPI(SercomSpiClockMode)
 .text._ZN6SERCOM15transferDataSPIEh
                0x00005af8       0x1a C:\Users\kanta\AppData\Local\Temp\VMBuilds\step400_OSCtester\arduino_zero_native\Release/core.a(SERCOM.cpp.o)
                0x00005af8                SERCOM::transferDataSPI(unsigned char)
 *fill*         0x00005b12        0x2 
 .text._ZN6SERCOM13initClockNVICEv
                0x00005b14       0xa8 C:\Users\kanta\AppData\Local\Temp\VMBuilds\step400_OSCtester\arduino_zero_native\Release/core.a(SERCOM.cpp.o)
                0x00005b14                SERCOM::initClockNVIC()
 .text._ZN6SERCOM8initUARTE14SercomUartMode20SercomUartSampleRatem
                0x00005bbc       0x6c C:\Users\kanta\AppData\Local\Temp\VMBuilds\step400_OSCtester\arduino_zero_native\Release/core.a(SERCOM.cpp.o)
                0x00005bbc                SERCOM::initUART(SercomUartMode, SercomUartSampleRate, unsigned long)
 .text._ZN6SERCOM7initSPIE14SercomSpiTXPad11SercomRXPad17SercomSpiCharSize15SercomDataOrder
                0x00005c28       0x4a C:\Users\kanta\AppData\Local\Temp\VMBuilds\step400_OSCtester\arduino_zero_native\Release/core.a(SERCOM.cpp.o)
                0x00005c28                SERCOM::initSPI(SercomSpiTXPad, SercomRXPad, SercomSpiCharSize, SercomDataOrder)
 .text._ZN4UartcvbEv
                0x00005c72        0x4 C:\Users\kanta\AppData\Local\Temp\VMBuilds\step400_OSCtester\arduino_zero_native\Release/core.a(Uart.cpp.o)
                0x00005c72                Uart::operator bool()
 *fill*         0x00005c76        0x2 
 .text._ZN4Uart5beginEm
                0x00005c78       0x10 C:\Users\kanta\AppData\Local\Temp\VMBuilds\step400_OSCtester\arduino_zero_native\Release/core.a(Uart.cpp.o)
                0x00005c78                Uart::begin(unsigned long)
 .text._ZN4Uart4peekEv
                0x00005c88       0x1a C:\Users\kanta\AppData\Local\Temp\VMBuilds\step400_OSCtester\arduino_zero_native\Release/core.a(Uart.cpp.o)
                0x00005c88                Uart::peek()
 .text._ZN4Uart3endEv
                0x00005ca2       0x20 C:\Users\kanta\AppData\Local\Temp\VMBuilds\step400_OSCtester\arduino_zero_native\Release/core.a(Uart.cpp.o)
                0x00005ca2                Uart::end()
 .text._ZN4Uart16extractNbStopBitEt
                0x00005cc2        0xc C:\Users\kanta\AppData\Local\Temp\VMBuilds\step400_OSCtester\arduino_zero_native\Release/core.a(Uart.cpp.o)
                0x00005cc2                Uart::extractNbStopBit(unsigned short)
 .text._ZN4Uart15extractCharSizeEt
                0x00005cce       0x28 C:\Users\kanta\AppData\Local\Temp\VMBuilds\step400_OSCtester\arduino_zero_native\Release/core.a(Uart.cpp.o)
                0x00005cce                Uart::extractCharSize(unsigned short)
 .text._ZN4Uart13extractParityEt
                0x00005cf6       0x14 C:\Users\kanta\AppData\Local\Temp\VMBuilds\step400_OSCtester\arduino_zero_native\Release/core.a(Uart.cpp.o)
                0x00005cf6                Uart::extractParity(unsigned short)
 *fill*         0x00005d0a        0x2 
 .text._ZN4Uart5beginEmt
                0x00005d0c       0xf8 C:\Users\kanta\AppData\Local\Temp\VMBuilds\step400_OSCtester\arduino_zero_native\Release/core.a(Uart.cpp.o)
                0x00005d0c                Uart::begin(unsigned long, unsigned short)
 .text._ZN11RingBufferNILi256EEC2Ev
                0x00005e04       0x1c C:\Users\kanta\AppData\Local\Temp\VMBuilds\step400_OSCtester\arduino_zero_native\Release/core.a(Uart.cpp.o)
                0x00005e04                RingBufferN<256>::RingBufferN()
                0x00005e04                RingBufferN<256>::RingBufferN()
 .text._ZN4UartC2EP6SERCOMhh11SercomRXPad15SercomUartTXPad
                0x00005e20       0x74 C:\Users\kanta\AppData\Local\Temp\VMBuilds\step400_OSCtester\arduino_zero_native\Release/core.a(Uart.cpp.o)
                0x00005e20                Uart::Uart(SERCOM*, unsigned char, unsigned char, SercomRXPad, SercomUartTXPad)
                0x00005e20                Uart::Uart(SERCOM*, unsigned char, unsigned char, SercomRXPad, SercomUartTXPad)
 .text._ZN11RingBufferNILi256EE9availableEv
                0x00005e94       0x12 C:\Users\kanta\AppData\Local\Temp\VMBuilds\step400_OSCtester\arduino_zero_native\Release/core.a(Uart.cpp.o)
                0x00005e94                RingBufferN<256>::available()
 .text._ZN4Uart5flushEv
                0x00005ea6       0x1a C:\Users\kanta\AppData\Local\Temp\VMBuilds\step400_OSCtester\arduino_zero_native\Release/core.a(Uart.cpp.o)
                0x00005ea6                Uart::flush()
 .text._ZN4Uart9availableEv
                0x00005ec0        0xa C:\Users\kanta\AppData\Local\Temp\VMBuilds\step400_OSCtester\arduino_zero_native\Release/core.a(Uart.cpp.o)
                0x00005ec0                Uart::available()
 .text._ZN11RingBufferNILi256EE17availableForStoreEv
                0x00005eca       0x20 C:\Users\kanta\AppData\Local\Temp\VMBuilds\step400_OSCtester\arduino_zero_native\Release/core.a(Uart.cpp.o)
                0x00005eca                RingBufferN<256>::availableForStore()
 .text._ZN4Uart17availableForWriteEv
                0x00005eea        0xc C:\Users\kanta\AppData\Local\Temp\VMBuilds\step400_OSCtester\arduino_zero_native\Release/core.a(Uart.cpp.o)
                0x00005eea                Uart::availableForWrite()
 .text._ZN4Uart10IrqHandlerEv
                0x00005ef6       0xcc C:\Users\kanta\AppData\Local\Temp\VMBuilds\step400_OSCtester\arduino_zero_native\Release/core.a(Uart.cpp.o)
                0x00005ef6                Uart::IrqHandler()
 *fill*         0x00005fc2        0x2 
 .text._ZN4Uart5writeEh
                0x00005fc4       0xb4 C:\Users\kanta\AppData\Local\Temp\VMBuilds\step400_OSCtester\arduino_zero_native\Release/core.a(Uart.cpp.o)
                0x00005fc4                Uart::write(unsigned char)
 .text._ZN4Uart4readEv
                0x00006078       0x4c C:\Users\kanta\AppData\Local\Temp\VMBuilds\step400_OSCtester\arduino_zero_native\Release/core.a(Uart.cpp.o)
                0x00006078                Uart::read()
 .text._ZN7Serial_13getDescriptorER8USBSetup
                0x000060c4        0x4 C:\Users\kanta\AppData\Local\Temp\VMBuilds\step400_OSCtester\arduino_zero_native\Release/core.a(CDC.cpp.o)
                0x000060c4                Serial_::getDescriptor(USBSetup&)
 .text._ZL5utox8mPc
                0x000060c8       0x24 C:\Users\kanta\AppData\Local\Temp\VMBuilds\step400_OSCtester\arduino_zero_native\Release/core.a(CDC.cpp.o)
 .text._ZN7Serial_12getShortNameEPc
                0x000060ec       0x44 C:\Users\kanta\AppData\Local\Temp\VMBuilds\step400_OSCtester\arduino_zero_native\Release/core.a(CDC.cpp.o)
                0x000060ec                Serial_::getShortName(char*)
 .text._ZThn16_N7Serial_12getShortNameEPc
                0x00006130       0x10 C:\Users\kanta\AppData\Local\Temp\VMBuilds\step400_OSCtester\arduino_zero_native\Release/core.a(CDC.cpp.o)
                0x00006130                non-virtual thunk to Serial_::getShortName(char*)
 .text._ZN7Serial_14handleEndpointEi
                0x00006140        0x2 C:\Users\kanta\AppData\Local\Temp\VMBuilds\step400_OSCtester\arduino_zero_native\Release/core.a(CDC.cpp.o)
                0x00006140                Serial_::handleEndpoint(int)
 .text._ZN7Serial_17availableForWriteEv
                0x00006142        0x4 C:\Users\kanta\AppData\Local\Temp\VMBuilds\step400_OSCtester\arduino_zero_native\Release/core.a(CDC.cpp.o)
                0x00006142                Serial_::availableForWrite()
 .text._ZN7Serial_5writeEh
                0x00006146       0x14 C:\Users\kanta\AppData\Local\Temp\VMBuilds\step400_OSCtester\arduino_zero_native\Release/core.a(CDC.cpp.o)
                0x00006146                Serial_::write(unsigned char)
 *fill*         0x0000615a        0x2 
 .text._ZN7Serial_12getInterfaceEPh
                0x0000615c      0x11c C:\Users\kanta\AppData\Local\Temp\VMBuilds\step400_OSCtester\arduino_zero_native\Release/core.a(CDC.cpp.o)
                0x0000615c                Serial_::getInterface(unsigned char*)
 .text._ZThn16_N7Serial_12getInterfaceEPh
                0x00006278       0x10 C:\Users\kanta\AppData\Local\Temp\VMBuilds\step400_OSCtester\arduino_zero_native\Release/core.a(CDC.cpp.o)
                0x00006278                non-virtual thunk to Serial_::getInterface(unsigned char*)
 .text._ZN7Serial_5setupER8USBSetup
                0x00006288       0xa8 C:\Users\kanta\AppData\Local\Temp\VMBuilds\step400_OSCtester\arduino_zero_native\Release/core.a(CDC.cpp.o)
                0x00006288                Serial_::setup(USBSetup&)
 .text._ZThn16_N7Serial_5setupER8USBSetup
                0x00006330       0x10 C:\Users\kanta\AppData\Local\Temp\VMBuilds\step400_OSCtester\arduino_zero_native\Release/core.a(CDC.cpp.o)
                0x00006330                non-virtual thunk to Serial_::setup(USBSetup&)
 .text._ZN7Serial_9availableEv
                0x00006340       0x20 C:\Users\kanta\AppData\Local\Temp\VMBuilds\step400_OSCtester\arduino_zero_native\Release/core.a(CDC.cpp.o)
                0x00006340                Serial_::available()
 .text._ZN7Serial_5flushEv
                0x00006360        0xe C:\Users\kanta\AppData\Local\Temp\VMBuilds\step400_OSCtester\arduino_zero_native\Release/core.a(CDC.cpp.o)
                0x00006360                Serial_::flush()
 .text._ZN7Serial_5clearEv
                0x0000636e        0xe C:\Users\kanta\AppData\Local\Temp\VMBuilds\step400_OSCtester\arduino_zero_native\Release/core.a(CDC.cpp.o)
                0x0000636e                Serial_::clear()
 .text._ZN7Serial_5writeEPKhj
                0x0000637c       0x1e C:\Users\kanta\AppData\Local\Temp\VMBuilds\step400_OSCtester\arduino_zero_native\Release/core.a(CDC.cpp.o)
                0x0000637c                Serial_::write(unsigned char const*, unsigned int)
 *fill*         0x0000639a        0x2 
 .text._ZN7Serial_4peekEv
                0x0000639c       0x1c C:\Users\kanta\AppData\Local\Temp\VMBuilds\step400_OSCtester\arduino_zero_native\Release/core.a(CDC.cpp.o)
                0x0000639c                Serial_::peek()
 .text._ZN7Serial_4readEv
                0x000063b8       0x24 C:\Users\kanta\AppData\Local\Temp\VMBuilds\step400_OSCtester\arduino_zero_native\Release/core.a(CDC.cpp.o)
                0x000063b8                Serial_::read()
 .text._ZThn16_N7Serial_14handleEndpointEi
                0x000063dc        0x2 C:\Users\kanta\AppData\Local\Temp\VMBuilds\step400_OSCtester\arduino_zero_native\Release/core.a(CDC.cpp.o)
                0x000063dc                non-virtual thunk to Serial_::handleEndpoint(int)
 .text._ZThn16_N7Serial_13getDescriptorER8USBSetup
                0x000063de        0x4 C:\Users\kanta\AppData\Local\Temp\VMBuilds\step400_OSCtester\arduino_zero_native\Release/core.a(CDC.cpp.o)
                0x000063de                non-virtual thunk to Serial_::getDescriptor(USBSetup&)
 *fill*         0x000063e2        0x2 
 .text._ZN7Serial_C2ER14USBDeviceClass
                0x000063e4       0x50 C:\Users\kanta\AppData\Local\Temp\VMBuilds\step400_OSCtester\arduino_zero_native\Release/core.a(CDC.cpp.o)
                0x000063e4                Serial_::Serial_(USBDeviceClass&)
                0x000063e4                Serial_::Serial_(USBDeviceClass&)
 .text._ZN7Serial_15enableInterruptEv
                0x00006434       0x30 C:\Users\kanta\AppData\Local\Temp\VMBuilds\step400_OSCtester\arduino_zero_native\Release/core.a(CDC.cpp.o)
                0x00006434                Serial_::enableInterrupt()
 .text._ZN7Serial_5beginEm
                0x00006464        0x2 C:\Users\kanta\AppData\Local\Temp\VMBuilds\step400_OSCtester\arduino_zero_native\Release/core.a(CDC.cpp.o)
                0x00006464                Serial_::begin(unsigned long)
 *fill*         0x00006466        0x2 
 .text.startup._GLOBAL__sub_I__ZN7Serial_12getInterfaceEPh
                0x00006468       0x14 C:\Users\kanta\AppData\Local\Temp\VMBuilds\step400_OSCtester\arduino_zero_native\Release/core.a(CDC.cpp.o)
 .text._ZN13PluggableUSB_12getInterfaceEPh
                0x0000647c       0x28 C:\Users\kanta\AppData\Local\Temp\VMBuilds\step400_OSCtester\arduino_zero_native\Release/core.a(PluggableUSB.cpp.o)
                0x0000647c                PluggableUSB_::getInterface(unsigned char*)
 .text._ZN13PluggableUSB_13getDescriptorER8USBSetup
                0x000064a4       0x20 C:\Users\kanta\AppData\Local\Temp\VMBuilds\step400_OSCtester\arduino_zero_native\Release/core.a(PluggableUSB.cpp.o)
                0x000064a4                PluggableUSB_::getDescriptor(USBSetup&)
 .text._ZN13PluggableUSB_12getShortNameEPc
                0x000064c4       0x26 C:\Users\kanta\AppData\Local\Temp\VMBuilds\step400_OSCtester\arduino_zero_native\Release/core.a(PluggableUSB.cpp.o)
                0x000064c4                PluggableUSB_::getShortName(char*)
 .text._ZN13PluggableUSB_5setupER8USBSetup
                0x000064ea       0x20 C:\Users\kanta\AppData\Local\Temp\VMBuilds\step400_OSCtester\arduino_zero_native\Release/core.a(PluggableUSB.cpp.o)
                0x000064ea                PluggableUSB_::setup(USBSetup&)
 .text._ZN13PluggableUSB_14handleEndpointEi
                0x0000650a       0x1a C:\Users\kanta\AppData\Local\Temp\VMBuilds\step400_OSCtester\arduino_zero_native\Release/core.a(PluggableUSB.cpp.o)
                0x0000650a                PluggableUSB_::handleEndpoint(int)
 .text._ZN13PluggableUSB_4plugEP18PluggableUSBModule
                0x00006524       0x58 C:\Users\kanta\AppData\Local\Temp\VMBuilds\step400_OSCtester\arduino_zero_native\Release/core.a(PluggableUSB.cpp.o)
                0x00006524                PluggableUSB_::plug(PluggableUSBModule*)
 .text._Z12PluggableUSBv
                0x0000657c       0x24 C:\Users\kanta\AppData\Local\Temp\VMBuilds\step400_OSCtester\arduino_zero_native\Release/core.a(PluggableUSB.cpp.o)
                0x0000657c                PluggableUSB()
 .text._ZN26DoubleBufferedEPOutHandlerD2Ev
                0x000065a0        0x2 C:\Users\kanta\AppData\Local\Temp\VMBuilds\step400_OSCtester\arduino_zero_native\Release/core.a(USBCore.cpp.o)
                0x000065a0                DoubleBufferedEPOutHandler::~DoubleBufferedEPOutHandler()
                0x000065a0                DoubleBufferedEPOutHandler::~DoubleBufferedEPOutHandler()
 .text._ZN26DoubleBufferedEPOutHandlerD0Ev
                0x000065a2        0xc C:\Users\kanta\AppData\Local\Temp\VMBuilds\step400_OSCtester\arduino_zero_native\Release/core.a(USBCore.cpp.o)
                0x000065a2                DoubleBufferedEPOutHandler::~DoubleBufferedEPOutHandler()
 *fill*         0x000065ae        0x2 
 .text._ZN14USBDeviceClass6initEPEmm.part.7
                0x000065b0       0xc4 C:\Users\kanta\AppData\Local\Temp\VMBuilds\step400_OSCtester\arduino_zero_native\Release/core.a(USBCore.cpp.o)
 .text._ZN7__GuardC2Ev
                0x00006674        0xe C:\Users\kanta\AppData\Local\Temp\VMBuilds\step400_OSCtester\arduino_zero_native\Release/core.a(USBCore.cpp.o)
                0x00006674                __Guard::__Guard()
                0x00006674                __Guard::__Guard()
 .text._ZN7__GuardD2Ev
                0x00006682        0xe C:\Users\kanta\AppData\Local\Temp\VMBuilds\step400_OSCtester\arduino_zero_native\Release/core.a(USBCore.cpp.o)
                0x00006682                __Guard::~__Guard()
                0x00006682                __Guard::~__Guard()
 .text._ZNK26DoubleBufferedEPOutHandler10_availableEv
                0x00006690       0x70 C:\Users\kanta\AppData\Local\Temp\VMBuilds\step400_OSCtester\arduino_zero_native\Release/core.a(USBCore.cpp.o)
                0x00006690                DoubleBufferedEPOutHandler::_available() const
 .text._ZN26DoubleBufferedEPOutHandler7releaseEv
                0x00006700       0x3c C:\Users\kanta\AppData\Local\Temp\VMBuilds\step400_OSCtester\arduino_zero_native\Release/core.a(USBCore.cpp.o)
                0x00006700                DoubleBufferedEPOutHandler::release()
 .text._ZN26DoubleBufferedEPOutHandler14handleEndpointEv
                0x0000673c       0xea C:\Users\kanta\AppData\Local\Temp\VMBuilds\step400_OSCtester\arduino_zero_native\Release/core.a(USBCore.cpp.o)
                0x0000673c                DoubleBufferedEPOutHandler::handleEndpoint()
 .text._ZN26DoubleBufferedEPOutHandler5_recvEv
                0x00006826      0x198 C:\Users\kanta\AppData\Local\Temp\VMBuilds\step400_OSCtester\arduino_zero_native\Release/core.a(USBCore.cpp.o)
                0x00006826                DoubleBufferedEPOutHandler::_recv()
 .text._ZN26DoubleBufferedEPOutHandler4peekEv
                0x000069be       0x22 C:\Users\kanta\AppData\Local\Temp\VMBuilds\step400_OSCtester\arduino_zero_native\Release/core.a(USBCore.cpp.o)
                0x000069be                DoubleBufferedEPOutHandler::peek()
 .text._ZN26DoubleBufferedEPOutHandler9availableEv
                0x000069e0       0x18 C:\Users\kanta\AppData\Local\Temp\VMBuilds\step400_OSCtester\arduino_zero_native\Release/core.a(USBCore.cpp.o)
                0x000069e0                DoubleBufferedEPOutHandler::available()
 .text._ZN26DoubleBufferedEPOutHandler4recvEPvm
                0x000069f8       0x72 C:\Users\kanta\AppData\Local\Temp\VMBuilds\step400_OSCtester\arduino_zero_native\Release/core.a(USBCore.cpp.o)
                0x000069f8                DoubleBufferedEPOutHandler::recv(void*, unsigned long)
 .text._ZN14USBDeviceClass14SendInterfacesEPm
                0x00006a6a       0x20 C:\Users\kanta\AppData\Local\Temp\VMBuilds\step400_OSCtester\arduino_zero_native\Release/core.a(USBCore.cpp.o)
                0x00006a6a                USBDeviceClass::SendInterfaces(unsigned long*)
 *fill*         0x00006a8a        0x2 
 .text._ZN14USBDeviceClass4initEv
                0x00006a8c      0x174 C:\Users\kanta\AppData\Local\Temp\VMBuilds\step400_OSCtester\arduino_zero_native\Release/core.a(USBCore.cpp.o)
                0x00006a8c                USBDeviceClass::init()
 .text._ZN14USBDeviceClass6attachEv
                0x00006c00       0x34 C:\Users\kanta\AppData\Local\Temp\VMBuilds\step400_OSCtester\arduino_zero_native\Release/core.a(USBCore.cpp.o)
                0x00006c00                USBDeviceClass::attach()
 .text._ZN14USBDeviceClass10setAddressEm
                0x00006c34       0x48 C:\Users\kanta\AppData\Local\Temp\VMBuilds\step400_OSCtester\arduino_zero_native\Release/core.a(USBCore.cpp.o)
                0x00006c34                USBDeviceClass::setAddress(unsigned long)
 .text._ZN14USBDeviceClass25handleClassInterfaceSetupER8USBSetup
                0x00006c7c       0x24 C:\Users\kanta\AppData\Local\Temp\VMBuilds\step400_OSCtester\arduino_zero_native\Release/core.a(USBCore.cpp.o)
                0x00006c7c                USBDeviceClass::handleClassInterfaceSetup(USBSetup&)
 .text._ZN14USBDeviceClass6initEPEmm
                0x00006ca0      0x120 C:\Users\kanta\AppData\Local\Temp\VMBuilds\step400_OSCtester\arduino_zero_native\Release/core.a(USBCore.cpp.o)
                0x00006ca0                USBDeviceClass::initEP(unsigned long, unsigned long)
 .text._ZN14USBDeviceClass13initEndpointsEv
                0x00006dc0       0x24 C:\Users\kanta\AppData\Local\Temp\VMBuilds\step400_OSCtester\arduino_zero_native\Release/core.a(USBCore.cpp.o)
                0x00006dc0                USBDeviceClass::initEndpoints()
 .text._ZN14USBDeviceClass5clearEm
                0x00006de4       0x38 C:\Users\kanta\AppData\Local\Temp\VMBuilds\step400_OSCtester\arduino_zero_native\Release/core.a(USBCore.cpp.o)
                0x00006de4                USBDeviceClass::clear(unsigned long)
 .text._ZN14USBDeviceClass9availableEm
                0x00006e1c       0x2c C:\Users\kanta\AppData\Local\Temp\VMBuilds\step400_OSCtester\arduino_zero_native\Release/core.a(USBCore.cpp.o)
                0x00006e1c                USBDeviceClass::available(unsigned long)
 .text._ZN14USBDeviceClass5flushEm
                0x00006e48       0x2c C:\Users\kanta\AppData\Local\Temp\VMBuilds\step400_OSCtester\arduino_zero_native\Release/core.a(USBCore.cpp.o)
                0x00006e48                USBDeviceClass::flush(unsigned long)
 .text._ZN14USBDeviceClass4recvEmPvm
                0x00006e74       0xdc C:\Users\kanta\AppData\Local\Temp\VMBuilds\step400_OSCtester\arduino_zero_native\Release/core.a(USBCore.cpp.o)
                0x00006e74                USBDeviceClass::recv(unsigned long, void*, unsigned long)
 .text._ZN14USBDeviceClass4recvEm
                0x00006f50       0x1c C:\Users\kanta\AppData\Local\Temp\VMBuilds\step400_OSCtester\arduino_zero_native\Release/core.a(USBCore.cpp.o)
                0x00006f50                USBDeviceClass::recv(unsigned long)
 .text._ZN14USBDeviceClass14armRecvCtrlOUTEm
                0x00006f6c       0x5c C:\Users\kanta\AppData\Local\Temp\VMBuilds\step400_OSCtester\arduino_zero_native\Release/core.a(USBCore.cpp.o)
                0x00006f6c                USBDeviceClass::armRecvCtrlOUT(unsigned long)
 .text._ZN14USBDeviceClass11recvControlEPvm
                0x00006fc8       0x28 C:\Users\kanta\AppData\Local\Temp\VMBuilds\step400_OSCtester\arduino_zero_native\Release/core.a(USBCore.cpp.o)
                0x00006fc8                USBDeviceClass::recvControl(void*, unsigned long)
 .text._ZN14USBDeviceClass4sendEmPKvm
                0x00006ff0      0x124 C:\Users\kanta\AppData\Local\Temp\VMBuilds\step400_OSCtester\arduino_zero_native\Release/core.a(USBCore.cpp.o)
                0x00006ff0                USBDeviceClass::send(unsigned long, void const*, unsigned long)
 .text._ZN14USBDeviceClass7armSendEmPKvm
                0x00007114       0x48 C:\Users\kanta\AppData\Local\Temp\VMBuilds\step400_OSCtester\arduino_zero_native\Release/core.a(USBCore.cpp.o)
                0x00007114                USBDeviceClass::armSend(unsigned long, void const*, unsigned long)
 .text._ZN14USBDeviceClass11sendControlEPKvm
                0x0000715c       0x54 C:\Users\kanta\AppData\Local\Temp\VMBuilds\step400_OSCtester\arduino_zero_native\Release/core.a(USBCore.cpp.o)
                0x0000715c                USBDeviceClass::sendControl(void const*, unsigned long)
 .text._ZN14USBDeviceClass20sendStringDescriptorEPKhm
                0x000071b0       0x64 C:\Users\kanta\AppData\Local\Temp\VMBuilds\step400_OSCtester\arduino_zero_native\Release/core.a(USBCore.cpp.o)
                0x000071b0                USBDeviceClass::sendStringDescriptor(unsigned char const*, unsigned long)
 .text._ZN14USBDeviceClass17sendConfigurationEm
                0x00007214       0x80 C:\Users\kanta\AppData\Local\Temp\VMBuilds\step400_OSCtester\arduino_zero_native\Release/core.a(USBCore.cpp.o)
                0x00007214                USBDeviceClass::sendConfiguration(unsigned long)
 .text._ZN14USBDeviceClass14sendDescriptorER8USBSetup
                0x00007294       0xe0 C:\Users\kanta\AppData\Local\Temp\VMBuilds\step400_OSCtester\arduino_zero_native\Release/core.a(USBCore.cpp.o)
                0x00007294                USBDeviceClass::sendDescriptor(USBSetup&)
 .text._ZN14USBDeviceClass7sendZlpEm
                0x00007374       0x18 C:\Users\kanta\AppData\Local\Temp\VMBuilds\step400_OSCtester\arduino_zero_native\Release/core.a(USBCore.cpp.o)
                0x00007374                USBDeviceClass::sendZlp(unsigned long)
 .text._ZN14USBDeviceClass19handleStandardSetupER8USBSetup
                0x0000738c       0xf0 C:\Users\kanta\AppData\Local\Temp\VMBuilds\step400_OSCtester\arduino_zero_native\Release/core.a(USBCore.cpp.o)
                0x0000738c                USBDeviceClass::handleStandardSetup(USBSetup&)
 .text._ZN14USBDeviceClass10ISRHandlerEv
                0x0000747c      0x150 C:\Users\kanta\AppData\Local\Temp\VMBuilds\step400_OSCtester\arduino_zero_native\Release/core.a(USBCore.cpp.o)
                0x0000747c                USBDeviceClass::ISRHandler()
 .text.UDD_Handler
                0x000075cc       0x10 C:\Users\kanta\AppData\Local\Temp\VMBuilds\step400_OSCtester\arduino_zero_native\Release/core.a(USBCore.cpp.o)
                0x000075cc                UDD_Handler
 .text.startup._GLOBAL__sub_I_usbd
                0x000075dc       0x10 C:\Users\kanta\AppData\Local\Temp\VMBuilds\step400_OSCtester\arduino_zero_native\Release/core.a(USBCore.cpp.o)
 .text.ceil     0x000075ec      0x128 c:/program files (x86)/arduino-1.8.9/portable/packages/arduino/tools/arm-none-eabi-gcc/7-2017q4/bin/../lib/gcc/arm-none-eabi/7.2.1/../../../../arm-none-eabi/lib/thumb/v6-m\libm.a(lib_a-s_ceil.o)
                0x000075ec                ceil
 .text          0x00007714       0x14 c:/program files (x86)/arduino-1.8.9/portable/packages/arduino/tools/arm-none-eabi-gcc/7-2017q4/bin/../lib/gcc/arm-none-eabi/7.2.1/thumb/v6-m\libgcc.a(_thumb1_case_uqi.o)
                0x00007714                __gnu_thumb1_case_uqi
 .text          0x00007728      0x114 c:/program files (x86)/arduino-1.8.9/portable/packages/arduino/tools/arm-none-eabi-gcc/7-2017q4/bin/../lib/gcc/arm-none-eabi/7.2.1/thumb/v6-m\libgcc.a(_udivsi3.o)
                0x00007728                __aeabi_uidiv
                0x00007728                __udivsi3
                0x00007834                __aeabi_uidivmod
 .text          0x0000783c      0x1d4 c:/program files (x86)/arduino-1.8.9/portable/packages/arduino/tools/arm-none-eabi-gcc/7-2017q4/bin/../lib/gcc/arm-none-eabi/7.2.1/thumb/v6-m\libgcc.a(_divsi3.o)
                0x0000783c                __divsi3
                0x0000783c                __aeabi_idiv
                0x00007a08                __aeabi_idivmod
 .text          0x00007a10        0x4 c:/program files (x86)/arduino-1.8.9/portable/packages/arduino/tools/arm-none-eabi-gcc/7-2017q4/bin/../lib/gcc/arm-none-eabi/7.2.1/thumb/v6-m\libgcc.a(_dvmd_tls.o)
                0x00007a10                __aeabi_idiv0
                0x00007a10                __aeabi_ldiv0
 .text          0x00007a14       0x7c c:/program files (x86)/arduino-1.8.9/portable/packages/arduino/tools/arm-none-eabi-gcc/7-2017q4/bin/../lib/gcc/arm-none-eabi/7.2.1/thumb/v6-m\libgcc.a(_arm_cmpdf2.o)
                0x00007a14                __aeabi_cdrcmple
                0x00007a24                __aeabi_cdcmple
                0x00007a24                __aeabi_cdcmpeq
                0x00007a34                __aeabi_dcmpeq
                0x00007a40                __aeabi_dcmplt
                0x00007a54                __aeabi_dcmple
                0x00007a68                __aeabi_dcmpgt
                0x00007a7c                __aeabi_dcmpge
 .text          0x00007a90       0x74 c:/program files (x86)/arduino-1.8.9/portable/packages/arduino/tools/arm-none-eabi-gcc/7-2017q4/bin/../lib/gcc/arm-none-eabi/7.2.1/thumb/v6-m\libgcc.a(_arm_cmpsf2.o)
                0x00007a90                __aeabi_cfrcmple
                0x00007a98                __aeabi_cfcmpeq
                0x00007a98                __aeabi_cfcmple
                0x00007aa8                __aeabi_fcmpeq
                0x00007ab4                __aeabi_fcmplt
                0x00007ac8                __aeabi_fcmple
                0x00007adc                __aeabi_fcmpgt
                0x00007af0                __aeabi_fcmpge
 .text          0x00007b04       0x3c c:/program files (x86)/arduino-1.8.9/portable/packages/arduino/tools/arm-none-eabi-gcc/7-2017q4/bin/../lib/gcc/arm-none-eabi/7.2.1/thumb/v6-m\libgcc.a(_fixunsdfsi.o)
                0x00007b04                __aeabi_d2uiz
                0x00007b04                __fixunsdfsi
 .text          0x00007b40       0x50 c:/program files (x86)/arduino-1.8.9/portable/packages/arduino/tools/arm-none-eabi-gcc/7-2017q4/bin/../lib/gcc/arm-none-eabi/7.2.1/thumb/v6-m\libgcc.a(eqsf2.o)
                0x00007b40                __eqsf2
                0x00007b40                __nesf2
 .text          0x00007b90       0x9c c:/program files (x86)/arduino-1.8.9/portable/packages/arduino/tools/arm-none-eabi-gcc/7-2017q4/bin/../lib/gcc/arm-none-eabi/7.2.1/thumb/v6-m\libgcc.a(gesf2.o)
                0x00007b90                __gesf2
                0x00007b90                __gtsf2
 .text          0x00007c2c       0xa0 c:/program files (x86)/arduino-1.8.9/portable/packages/arduino/tools/arm-none-eabi-gcc/7-2017q4/bin/../lib/gcc/arm-none-eabi/7.2.1/thumb/v6-m\libgcc.a(lesf2.o)
                0x00007c2c                __ltsf2
                0x00007c2c                __lesf2
 .text          0x00007ccc       0x40 c:/program files (x86)/arduino-1.8.9/portable/packages/arduino/tools/arm-none-eabi-gcc/7-2017q4/bin/../lib/gcc/arm-none-eabi/7.2.1/thumb/v6-m\libgcc.a(fixsfsi.o)
                0x00007ccc                __aeabi_f2iz
 .text          0x00007d0c      0x638 c:/program files (x86)/arduino-1.8.9/portable/packages/arduino/tools/arm-none-eabi-gcc/7-2017q4/bin/../lib/gcc/arm-none-eabi/7.2.1/thumb/v6-m\libgcc.a(adddf3.o)
                0x00007d0c                __aeabi_dadd
 .text          0x00008344       0x78 c:/program files (x86)/arduino-1.8.9/portable/packages/arduino/tools/arm-none-eabi-gcc/7-2017q4/bin/../lib/gcc/arm-none-eabi/7.2.1/thumb/v6-m\libgcc.a(eqdf2.o)
                0x00008344                __nedf2
                0x00008344                __eqdf2
 .text          0x000083bc       0xc8 c:/program files (x86)/arduino-1.8.9/portable/packages/arduino/tools/arm-none-eabi-gcc/7-2017q4/bin/../lib/gcc/arm-none-eabi/7.2.1/thumb/v6-m\libgcc.a(gedf2.o)
                0x000083bc                __gedf2
                0x000083bc                __gtdf2
 .text          0x00008484       0xd0 c:/program files (x86)/arduino-1.8.9/portable/packages/arduino/tools/arm-none-eabi-gcc/7-2017q4/bin/../lib/gcc/arm-none-eabi/7.2.1/thumb/v6-m\libgcc.a(ledf2.o)
                0x00008484                __ledf2
                0x00008484                __ltdf2
 .text          0x00008554      0x4e4 c:/program files (x86)/arduino-1.8.9/portable/packages/arduino/tools/arm-none-eabi-gcc/7-2017q4/bin/../lib/gcc/arm-none-eabi/7.2.1/thumb/v6-m\libgcc.a(muldf3.o)
                0x00008554                __aeabi_dmul
 .text          0x00008a38      0x690 c:/program files (x86)/arduino-1.8.9/portable/packages/arduino/tools/arm-none-eabi-gcc/7-2017q4/bin/../lib/gcc/arm-none-eabi/7.2.1/thumb/v6-m\libgcc.a(subdf3.o)
                0x00008a38                __aeabi_dsub
 .text          0x000090c8       0x6c c:/program files (x86)/arduino-1.8.9/portable/packages/arduino/tools/arm-none-eabi-gcc/7-2017q4/bin/../lib/gcc/arm-none-eabi/7.2.1/thumb/v6-m\libgcc.a(fixdfsi.o)
                0x000090c8                __aeabi_d2iz
 .text          0x00009134       0xa4 c:/program files (x86)/arduino-1.8.9/portable/packages/arduino/tools/arm-none-eabi-gcc/7-2017q4/bin/../lib/gcc/arm-none-eabi/7.2.1/thumb/v6-m\libgcc.a(extendsfdf2.o)
                0x00009134                __aeabi_f2d
 .text          0x000091d8      0x108 c:/program files (x86)/arduino-1.8.9/portable/packages/arduino/tools/arm-none-eabi-gcc/7-2017q4/bin/../lib/gcc/arm-none-eabi/7.2.1/thumb/v6-m\libgcc.a(truncdfsf2.o)
                0x000091d8                __aeabi_d2f
 .text          0x000092e0       0x3c c:/program files (x86)/arduino-1.8.9/portable/packages/arduino/tools/arm-none-eabi-gcc/7-2017q4/bin/../lib/gcc/arm-none-eabi/7.2.1/thumb/v6-m\libgcc.a(_clzsi2.o)
                0x000092e0                __clzsi2
 .text.__assert_func
                0x0000931c       0x3c c:/program files (x86)/arduino-1.8.9/portable/packages/arduino/tools/arm-none-eabi-gcc/7-2017q4/bin/../lib/gcc/arm-none-eabi/7.2.1/../../../../arm-none-eabi/lib/thumb/v6-m\libc_nano.a(lib_a-assert.o)
                0x0000931c                __assert_func
 .text.fprintf  0x00009358       0x20 c:/program files (x86)/arduino-1.8.9/portable/packages/arduino/tools/arm-none-eabi-gcc/7-2017q4/bin/../lib/gcc/arm-none-eabi/7.2.1/../../../../arm-none-eabi/lib/thumb/v6-m\libc_nano.a(lib_a-fprintf.o)
                0x00009358                fiprintf
                0x00009358                fprintf
 .text.__libc_init_array
                0x00009378       0x48 c:/program files (x86)/arduino-1.8.9/portable/packages/arduino/tools/arm-none-eabi-gcc/7-2017q4/bin/../lib/gcc/arm-none-eabi/7.2.1/../../../../arm-none-eabi/lib/thumb/v6-m\libc_nano.a(lib_a-init.o)
                0x00009378                __libc_init_array
 .text.malloc   0x000093c0       0x14 c:/program files (x86)/arduino-1.8.9/portable/packages/arduino/tools/arm-none-eabi-gcc/7-2017q4/bin/../lib/gcc/arm-none-eabi/7.2.1/../../../../arm-none-eabi/lib/thumb/v6-m\libc_nano.a(lib_a-malloc.o)
                0x000093c0                malloc
 .text.free     0x000093d4       0x14 c:/program files (x86)/arduino-1.8.9/portable/packages/arduino/tools/arm-none-eabi-gcc/7-2017q4/bin/../lib/gcc/arm-none-eabi/7.2.1/../../../../arm-none-eabi/lib/thumb/v6-m\libc_nano.a(lib_a-malloc.o)
                0x000093d4                free
 .text.memcpy   0x000093e8       0x12 c:/program files (x86)/arduino-1.8.9/portable/packages/arduino/tools/arm-none-eabi-gcc/7-2017q4/bin/../lib/gcc/arm-none-eabi/7.2.1/../../../../arm-none-eabi/lib/thumb/v6-m\libc_nano.a(lib_a-memcpy-stub.o)
                0x000093e8                memcpy
 .text.memset   0x000093fa       0x10 c:/program files (x86)/arduino-1.8.9/portable/packages/arduino/tools/arm-none-eabi-gcc/7-2017q4/bin/../lib/gcc/arm-none-eabi/7.2.1/../../../../arm-none-eabi/lib/thumb/v6-m\libc_nano.a(lib_a-memset.o)
                0x000093fa                memset
 *fill*         0x0000940a        0x2 
 .text._free_r  0x0000940c       0x94 c:/program files (x86)/arduino-1.8.9/portable/packages/arduino/tools/arm-none-eabi-gcc/7-2017q4/bin/../lib/gcc/arm-none-eabi/7.2.1/../../../../arm-none-eabi/lib/thumb/v6-m\libc_nano.a(lib_a-nano-freer.o)
                0x0000940c                _free_r
 .text._malloc_r
                0x000094a0       0xbc c:/program files (x86)/arduino-1.8.9/portable/packages/arduino/tools/arm-none-eabi-gcc/7-2017q4/bin/../lib/gcc/arm-none-eabi/7.2.1/../../../../arm-none-eabi/lib/thumb/v6-m\libc_nano.a(lib_a-nano-mallocr.o)
                0x000094a0                _malloc_r
 .text.__sfputc_r
                0x0000955c       0x2a c:/program files (x86)/arduino-1.8.9/portable/packages/arduino/tools/arm-none-eabi-gcc/7-2017q4/bin/../lib/gcc/arm-none-eabi/7.2.1/../../../../arm-none-eabi/lib/thumb/v6-m\libc_nano.a(lib_a-nano-vfprintf.o)
 .text.__sfputs_r
                0x00009586       0x24 c:/program files (x86)/arduino-1.8.9/portable/packages/arduino/tools/arm-none-eabi-gcc/7-2017q4/bin/../lib/gcc/arm-none-eabi/7.2.1/../../../../arm-none-eabi/lib/thumb/v6-m\libc_nano.a(lib_a-nano-vfprintf.o)
                0x00009586                __sfputs_r
 *fill*         0x000095aa        0x2 
 .text._vfprintf_r
                0x000095ac      0x22c c:/program files (x86)/arduino-1.8.9/portable/packages/arduino/tools/arm-none-eabi-gcc/7-2017q4/bin/../lib/gcc/arm-none-eabi/7.2.1/../../../../arm-none-eabi/lib/thumb/v6-m\libc_nano.a(lib_a-nano-vfprintf.o)
                0x000095ac                _vfprintf_r
                0x000095ac                _vfiprintf_r
 .text._printf_common
                0x000097d8       0xda c:/program files (x86)/arduino-1.8.9/portable/packages/arduino/tools/arm-none-eabi-gcc/7-2017q4/bin/../lib/gcc/arm-none-eabi/7.2.1/../../../../arm-none-eabi/lib/thumb/v6-m\libc_nano.a(lib_a-nano-vfprintf_i.o)
                0x000097d8                _printf_common
 *fill*         0x000098b2        0x2 
 .text._printf_i
                0x000098b4      0x210 c:/program files (x86)/arduino-1.8.9/portable/packages/arduino/tools/arm-none-eabi-gcc/7-2017q4/bin/../lib/gcc/arm-none-eabi/7.2.1/../../../../arm-none-eabi/lib/thumb/v6-m\libc_nano.a(lib_a-nano-vfprintf_i.o)
                0x000098b4                _printf_i
 .text.realloc  0x00009ac4       0x14 c:/program files (x86)/arduino-1.8.9/portable/packages/arduino/tools/arm-none-eabi-gcc/7-2017q4/bin/../lib/gcc/arm-none-eabi/7.2.1/../../../../arm-none-eabi/lib/thumb/v6-m\libc_nano.a(lib_a-realloc.o)
                0x00009ac4                realloc
 .text._sbrk_r  0x00009ad8       0x24 c:/program files (x86)/arduino-1.8.9/portable/packages/arduino/tools/arm-none-eabi-gcc/7-2017q4/bin/../lib/gcc/arm-none-eabi/7.2.1/../../../../arm-none-eabi/lib/thumb/v6-m\libc_nano.a(lib_a-sbrkr.o)
                0x00009ad8                _sbrk_r
 .text          0x00009afc       0x14 c:/program files (x86)/arduino-1.8.9/portable/packages/arduino/tools/arm-none-eabi-gcc/7-2017q4/bin/../lib/gcc/arm-none-eabi/7.2.1/../../../../arm-none-eabi/lib/thumb/v6-m\libc_nano.a(lib_a-strcmp.o)
                0x00009afc                strcmp
 .text.strcpy   0x00009b10       0x10 c:/program files (x86)/arduino-1.8.9/portable/packages/arduino/tools/arm-none-eabi-gcc/7-2017q4/bin/../lib/gcc/arm-none-eabi/7.2.1/../../../../arm-none-eabi/lib/thumb/v6-m\libc_nano.a(lib_a-strcpy.o)
                0x00009b10                strcpy
 .text          0x00009b20        0xe c:/program files (x86)/arduino-1.8.9/portable/packages/arduino/tools/arm-none-eabi-gcc/7-2017q4/bin/../lib/gcc/arm-none-eabi/7.2.1/../../../../arm-none-eabi/lib/thumb/v6-m\libc_nano.a(lib_a-strlen.o)
                0x00009b20                strlen
 .text.strncmp  0x00009b2e       0x22 c:/program files (x86)/arduino-1.8.9/portable/packages/arduino/tools/arm-none-eabi-gcc/7-2017q4/bin/../lib/gcc/arm-none-eabi/7.2.1/../../../../arm-none-eabi/lib/thumb/v6-m\libc_nano.a(lib_a-strncmp.o)
                0x00009b2e                strncmp
 .text.__swbuf_r
                0x00009b50       0xac c:/program files (x86)/arduino-1.8.9/portable/packages/arduino/tools/arm-none-eabi-gcc/7-2017q4/bin/../lib/gcc/arm-none-eabi/7.2.1/../../../../arm-none-eabi/lib/thumb/v6-m\libc_nano.a(lib_a-wbuf.o)
                0x00009b50                __swbuf_r
 .text.__swsetup_r
                0x00009bfc       0xec c:/program files (x86)/arduino-1.8.9/portable/packages/arduino/tools/arm-none-eabi-gcc/7-2017q4/bin/../lib/gcc/arm-none-eabi/7.2.1/../../../../arm-none-eabi/lib/thumb/v6-m\libc_nano.a(lib_a-wsetup.o)
                0x00009bfc                __swsetup_r
 .text.abort    0x00009ce8        0xe c:/program files (x86)/arduino-1.8.9/portable/packages/arduino/tools/arm-none-eabi-gcc/7-2017q4/bin/../lib/gcc/arm-none-eabi/7.2.1/../../../../arm-none-eabi/lib/thumb/v6-m\libc_nano.a(lib_a-abort.o)
                0x00009ce8                abort
 *fill*         0x00009cf6        0x2 
 .text.__sflush_r
                0x00009cf8      0x114 c:/program files (x86)/arduino-1.8.9/portable/packages/arduino/tools/arm-none-eabi-gcc/7-2017q4/bin/../lib/gcc/arm-none-eabi/7.2.1/../../../../arm-none-eabi/lib/thumb/v6-m\libc_nano.a(lib_a-fflush.o)
                0x00009cf8                __sflush_r
 .text._fflush_r
                0x00009e0c       0x58 c:/program files (x86)/arduino-1.8.9/portable/packages/arduino/tools/arm-none-eabi-gcc/7-2017q4/bin/../lib/gcc/arm-none-eabi/7.2.1/../../../../arm-none-eabi/lib/thumb/v6-m\libc_nano.a(lib_a-fflush.o)
                0x00009e0c                _fflush_r
 .text.std      0x00009e64       0x48 c:/program files (x86)/arduino-1.8.9/portable/packages/arduino/tools/arm-none-eabi-gcc/7-2017q4/bin/../lib/gcc/arm-none-eabi/7.2.1/../../../../arm-none-eabi/lib/thumb/v6-m\libc_nano.a(lib_a-findfp.o)
 .text._cleanup_r